Archive member included to satisfy reference by file (symbol)

c:/intelfpga_lite/19.1/nios2eds/bin/gnu/h-x86_64-mingw32/bin/../lib/gcc/nios2-elf/8.3.1/../../../../../H-x86_64-mingw32/nios2-elf/lib/mno-hw-mul\libc.a(lib_a-puts.o)
                              obj/default/hello_world.o (puts)
c:/intelfpga_lite/19.1/nios2eds/bin/gnu/h-x86_64-mingw32/bin/../lib/gcc/nios2-elf/8.3.1/../../../../../H-x86_64-mingw32/nios2-elf/lib/mno-hw-mul\libc.a(lib_a-strlen.o)
                              c:/intelfpga_lite/19.1/nios2eds/bin/gnu/h-x86_64-mingw32/bin/../lib/gcc/nios2-elf/8.3.1/../../../../../H-x86_64-mingw32/nios2-elf/lib/mno-hw-mul\libc.a(lib_a-puts.o) (strlen)
c:/intelfpga_lite/19.1/nios2eds/bin/gnu/h-x86_64-mingw32/bin/../lib/gcc/nios2-elf/8.3.1/../../../../../H-x86_64-mingw32/nios2-elf/lib/mno-hw-mul\libc.a(lib_a-findfp.o)
                              c:/intelfpga_lite/19.1/nios2eds/bin/gnu/h-x86_64-mingw32/bin/../lib/gcc/nios2-elf/8.3.1/../../../../../H-x86_64-mingw32/nios2-elf/lib/mno-hw-mul\libc.a(lib_a-puts.o) (__sinit)
c:/intelfpga_lite/19.1/nios2eds/bin/gnu/h-x86_64-mingw32/bin/../lib/gcc/nios2-elf/8.3.1/../../../../../H-x86_64-mingw32/nios2-elf/lib/mno-hw-mul\libc.a(lib_a-fvwrite.o)
                              c:/intelfpga_lite/19.1/nios2eds/bin/gnu/h-x86_64-mingw32/bin/../lib/gcc/nios2-elf/8.3.1/../../../../../H-x86_64-mingw32/nios2-elf/lib/mno-hw-mul\libc.a(lib_a-puts.o) (__sfvwrite_r)
c:/intelfpga_lite/19.1/nios2eds/bin/gnu/h-x86_64-mingw32/bin/../lib/gcc/nios2-elf/8.3.1/../../../../../H-x86_64-mingw32/nios2-elf/lib/mno-hw-mul\libc.a(lib_a-fwalk.o)
                              c:/intelfpga_lite/19.1/nios2eds/bin/gnu/h-x86_64-mingw32/bin/../lib/gcc/nios2-elf/8.3.1/../../../../../H-x86_64-mingw32/nios2-elf/lib/mno-hw-mul\libc.a(lib_a-findfp.o) (_fwalk)
c:/intelfpga_lite/19.1/nios2eds/bin/gnu/h-x86_64-mingw32/bin/../lib/gcc/nios2-elf/8.3.1/../../../../../H-x86_64-mingw32/nios2-elf/lib/mno-hw-mul\libc.a(lib_a-impure.o)
                              c:/intelfpga_lite/19.1/nios2eds/bin/gnu/h-x86_64-mingw32/bin/../lib/gcc/nios2-elf/8.3.1/../../../../../H-x86_64-mingw32/nios2-elf/lib/mno-hw-mul\libc.a(lib_a-findfp.o) (_global_impure_ptr)
c:/intelfpga_lite/19.1/nios2eds/bin/gnu/h-x86_64-mingw32/bin/../lib/gcc/nios2-elf/8.3.1/../../../../../H-x86_64-mingw32/nios2-elf/lib/mno-hw-mul\libc.a(lib_a-mallocr.o)
                              c:/intelfpga_lite/19.1/nios2eds/bin/gnu/h-x86_64-mingw32/bin/../lib/gcc/nios2-elf/8.3.1/../../../../../H-x86_64-mingw32/nios2-elf/lib/mno-hw-mul\libc.a(lib_a-findfp.o) (_malloc_r)
c:/intelfpga_lite/19.1/nios2eds/bin/gnu/h-x86_64-mingw32/bin/../lib/gcc/nios2-elf/8.3.1/../../../../../H-x86_64-mingw32/nios2-elf/lib/mno-hw-mul\libc.a(lib_a-memchr.o)
                              c:/intelfpga_lite/19.1/nios2eds/bin/gnu/h-x86_64-mingw32/bin/../lib/gcc/nios2-elf/8.3.1/../../../../../H-x86_64-mingw32/nios2-elf/lib/mno-hw-mul\libc.a(lib_a-fvwrite.o) (memchr)
c:/intelfpga_lite/19.1/nios2eds/bin/gnu/h-x86_64-mingw32/bin/../lib/gcc/nios2-elf/8.3.1/../../../../../H-x86_64-mingw32/nios2-elf/lib/mno-hw-mul\libc.a(lib_a-memcpy.o)
                              c:/intelfpga_lite/19.1/nios2eds/bin/gnu/h-x86_64-mingw32/bin/../lib/gcc/nios2-elf/8.3.1/../../../../../H-x86_64-mingw32/nios2-elf/lib/mno-hw-mul\libc.a(lib_a-fvwrite.o) (memcpy)
c:/intelfpga_lite/19.1/nios2eds/bin/gnu/h-x86_64-mingw32/bin/../lib/gcc/nios2-elf/8.3.1/../../../../../H-x86_64-mingw32/nios2-elf/lib/mno-hw-mul\libc.a(lib_a-memmove.o)
                              c:/intelfpga_lite/19.1/nios2eds/bin/gnu/h-x86_64-mingw32/bin/../lib/gcc/nios2-elf/8.3.1/../../../../../H-x86_64-mingw32/nios2-elf/lib/mno-hw-mul\libc.a(lib_a-fvwrite.o) (memmove)
c:/intelfpga_lite/19.1/nios2eds/bin/gnu/h-x86_64-mingw32/bin/../lib/gcc/nios2-elf/8.3.1/../../../../../H-x86_64-mingw32/nios2-elf/lib/mno-hw-mul\libc.a(lib_a-memset.o)
                              c:/intelfpga_lite/19.1/nios2eds/bin/gnu/h-x86_64-mingw32/bin/../lib/gcc/nios2-elf/8.3.1/../../../../../H-x86_64-mingw32/nios2-elf/lib/mno-hw-mul\libc.a(lib_a-findfp.o) (memset)
c:/intelfpga_lite/19.1/nios2eds/bin/gnu/h-x86_64-mingw32/bin/../lib/gcc/nios2-elf/8.3.1/../../../../../H-x86_64-mingw32/nios2-elf/lib/mno-hw-mul\libc.a(lib_a-reallocr.o)
                              c:/intelfpga_lite/19.1/nios2eds/bin/gnu/h-x86_64-mingw32/bin/../lib/gcc/nios2-elf/8.3.1/../../../../../H-x86_64-mingw32/nios2-elf/lib/mno-hw-mul\libc.a(lib_a-fvwrite.o) (_realloc_r)
c:/intelfpga_lite/19.1/nios2eds/bin/gnu/h-x86_64-mingw32/bin/../lib/gcc/nios2-elf/8.3.1/../../../../../H-x86_64-mingw32/nios2-elf/lib/mno-hw-mul\libc.a(lib_a-sbrkr.o)
                              c:/intelfpga_lite/19.1/nios2eds/bin/gnu/h-x86_64-mingw32/bin/../lib/gcc/nios2-elf/8.3.1/../../../../../H-x86_64-mingw32/nios2-elf/lib/mno-hw-mul\libc.a(lib_a-mallocr.o) (_sbrk_r)
c:/intelfpga_lite/19.1/nios2eds/bin/gnu/h-x86_64-mingw32/bin/../lib/gcc/nios2-elf/8.3.1/../../../../../H-x86_64-mingw32/nios2-elf/lib/mno-hw-mul\libc.a(lib_a-stdio.o)
[...]
Memory Configuration

Name             Origin             Length             Attributes
reset            0x0000000000000000 0x0000000000000020
onchip_memory2_0 0x0000000000000020 0x000000000001f3e0
*default*        0x0000000000000000 0xffffffffffffffff

Linker script and memory map

LOAD c:/My_Designs/FinalProject/FinalProject/synthesis/software/nios_bsp//obj/HAL/src/crt0.o
LOAD obj/default/hello_world.o
LOAD c:/intelfpga_lite/19.1/nios2eds/bin/gnu/h-x86_64-mingw32/bin/../lib/gcc/nios2-elf/8.3.1/../../../../../H-x86_64-mingw32/nios2-elf/lib/mno-hw-mul\libstdc++.a
LOAD c:/intelfpga_lite/19.1/nios2eds/bin/gnu/h-x86_64-mingw32/bin/../lib/gcc/nios2-elf/8.3.1/../../../../../H-x86_64-mingw32/nios2-elf/lib/mno-hw-mul\libm.a
LOAD c:/intelfpga_lite/19.1/nios2eds/bin/gnu/h-x86_64-mingw32/bin/../lib/gcc/nios2-elf/8.3.1/mno-hw-mul\libgcc.a
START GROUP
LOAD c:/intelfpga_lite/19.1/nios2eds/bin/gnu/h-x86_64-mingw32/bin/../lib/gcc/nios2-elf/8.3.1/../../../../../H-x86_64-mingw32/nios2-elf/lib/mno-hw-mul\libc.a
LOAD c:/intelfpga_lite/19.1/nios2eds/bin/gnu/h-x86_64-mingw32/bin/../lib/gcc/nios2-elf/8.3.1/mno-hw-mul\libgcc.a
LOAD c:/My_Designs/FinalProject/FinalProject/synthesis/software/nios_bsp/\libhal_bsp.a
LOAD c:/intelfpga_lite/19.1/nios2eds/bin/gnu/h-x86_64-mingw32/bin/../lib/gcc/nios2-elf/8.3.1/../../../../../H-x86_64-mingw32/nios2-elf/lib/mno-hw-mul\libm.a
END GROUP
LOAD c:/intelfpga_lite/19.1/nios2eds/bin/gnu/h-x86_64-mingw32/bin/../lib/gcc/nios2-elf/8.3.1/mno-hw-mul\libgcc.a
                0x0000000000000000                __alt_mem_onchip_memory2_0 = 0x0

.entry          0x0000000000000000       0x20
 *(.entry)
 .entry         0x0000000000000000       0x20 c:/My_Designs/FinalProject/FinalProject/synthesis/software/nios_bsp//obj/HAL/src/crt0.o
                0x0000000000000000                __reset

.exceptions     0x0000000000000020      0x204
                0x0000000000000020                PROVIDE (__ram_exceptions_start = ABSOLUTE (.))
                0x0000000000000020                . = ALIGN (0x20)
 *(.irq)
 *(.exceptions.entry.label)
 .exceptions.entry.label
                0x0000000000000020        0x0 c:/My_Designs/FinalProject/FinalProject/synthesis/software/nios_bsp/\libhal_bsp.a(alt_irq_entry.o)
                0x0000000000000020                alt_irq_entry
 .exceptions.entry.label
                0x0000000000000020        0x0 c:/My_Designs/FinalProject/FinalProject/synthesis/software/nios_bsp/\libhal_bsp.a(alt_exception_entry.o)
                0x0000000000000020                alt_exception
 *(.exceptions.entry.user)
 *(.exceptions.entry.ecc_fatal)
 *(.exceptions.entry)
 .exceptions.entry
                0x0000000000000020       0x54 c:/My_Designs/FinalProject/FinalProject/synthesis/software/nios_bsp/\libhal_bsp.a(alt_exception_entry.o)
 *(.exceptions.irqtest.user)
 *(.exceptions.irqtest)
 .exceptions.irqtest
                0x0000000000000074       0x10 c:/My_Designs/FinalProject/FinalProject/synthesis/software/nios_bsp/\libhal_bsp.a(alt_irq_entry.o)
 *(.exceptions.irqhandler.user)
 *(.exceptions.irqhandler)
 .exceptions.irqhandler
                0x0000000000000084        0x4 c:/My_Designs/FinalProject/FinalProject/synthesis/software/nios_bsp/\libhal_bsp.a(alt_irq_entry.o)
 *(.exceptions.irqreturn.user)
 *(.exceptions.irqreturn)
 .exceptions.irqreturn
                0x0000000000000088        0x4 c:/My_Designs/FinalProject/FinalProject/synthesis/software/nios_bsp/\libhal_bsp.a(alt_irq_entry.o)
 *(.exceptions.notirq.label)
 .exceptions.notirq.label
                0x000000000000008c        0x0 c:/My_Designs/FinalProject/FinalProject/synthesis/software/nios_bsp/\libhal_bsp.a(alt_irq_entry.o)
 *(.exceptions.notirq.user)
 *(.exceptions.notirq)
 .exceptions.notirq
                0x000000000000008c        0x8 c:/My_Designs/FinalProject/FinalProject/synthesis/software/nios_bsp/\libhal_bsp.a(alt_exception_entry.o)
 *(.exceptions.soft.user)
 *(.exceptions.soft)
 *(.exceptions.unknown.user)
 *(.exceptions.unknown)
 .exceptions.unknown
                0x0000000000000094       0x14 c:/My_Designs/FinalProject/FinalProject/synthesis/software/nios_bsp/\libhal_bsp.a(alt_exception_entry.o)
 *(.exceptions.exit.label)
 .exceptions.exit.label
                0x00000000000000a8        0x0 c:/My_Designs/FinalProject/FinalProject/synthesis/software/nios_bsp/\libhal_bsp.a(alt_irq_entry.o)
 .exceptions.exit.label
                0x00000000000000a8        0x0 c:/My_Designs/FinalProject/FinalProject/synthesis/software/nios_bsp/\libhal_bsp.a(alt_exception_entry.o)
 *(.exceptions.exit.user)
 *(.exceptions.exit)
 .exceptions.exit
                0x00000000000000a8       0x54 c:/My_Designs/FinalProject/FinalProject/synthesis/software/nios_bsp/\libhal_bsp.a(alt_exception_entry.o)
 *(.exceptions)
 .exceptions    0x00000000000000fc       0xc8 c:/My_Designs/FinalProject/FinalProject/synthesis/software/nios_bsp/\libhal_bsp.a(alt_irq_handler.o)
                0x00000000000000fc                alt_irq_handler
 .exceptions    0x00000000000001c4       0x60 c:/My_Designs/FinalProject/FinalProject/synthesis/software/nios_bsp/\libhal_bsp.a(alt_instruction_exception_entry.o)
                0x00000000000001c4                alt_instruction_exception_entry
                0x0000000000000224                PROVIDE (__ram_exceptions_end = ABSOLUTE (.))
                0x0000000000000020                PROVIDE (__flash_exceptions_start = LOADADDR (.exceptions))

.text           0x0000000000000224     0x53b8
                [!provide]                        PROVIDE (stext = ABSOLUTE (.))
 *(.interp)
 *(.hash)
 *(.dynsym)
 *(.dynstr)
 *(.gnu.version)
 *(.gnu.version_d)
 *(.gnu.version_r)
 *(.rel.init)
 *(.rela.init)
 *(.rel.text .rel.text.* .rel.gnu.linkonce.t.*)
 *(.rela.text .rela.text.* .rela.gnu.linkonce.t.*)
 *(.rel.fini)
 *(.rela.fini)
 *(.rel.rodata .rel.rodata.* .rel.gnu.linkonce.r.*)
 *(.rela.rodata .rela.rodata.* .rela.gnu.linkonce.r.*)
 *(.rel.data .rel.data.* .rel.gnu.linkonce.d.*)
 *(.rela.data .rela.data.* .rela.gnu.linkonce.d.*)
 *(.rel.tdata .rel.tdata.* .rel.gnu.linkonce.td.*)
 *(.rela.tdata .rela.tdata.* .rela.gnu.linkonce.td.*)
 *(.rel.tbss .rel.tbss.* .rel.gnu.linkonce.tb.*)
 *(.rela.tbss .rela.tbss.* .rela.gnu.linkonce.tb.*)
 *(.rel.ctors)
 *(.rela.ctors)
 *(.rel.dtors)
 *(.rela.dtors)
 *(.rel.got)
 *(.rela.got)
 *(.rel.sdata .rel.sdata.* .rel.gnu.linkonce.s.*)
 *(.rela.sdata .rela.sdata.* .rela.gnu.linkonce.s.*)
 *(.rel.sbss .rel.sbss.* .rel.gnu.linkonce.sb.*)
 *(.rela.sbss .rela.sbss.* .rela.gnu.linkonce.sb.*)
 *(.rel.sdata2 .rel.sdata2.* .rel.gnu.linkonce.s2.*)
 *(.rela.sdata2 .rela.sdata2.* .rela.gnu.linkonce.s2.*)
 *(.rel.sbss2 .rel.sbss2.* .rel.gnu.linkonce.sb2.*)
 *(.rela.sbss2 .rela.sbss2.* .rela.gnu.linkonce.sb2.*)
 *(.rel.bss .rel.bss.* .rel.gnu.linkonce.b.*)
 *(.rela.bss .rela.bss.* .rela.gnu.linkonce.b.*)
 *(.rel.plt)
 *(.rela.plt)
 *(.rel.dyn)
 *(.init)
 *(.plt)
 *(.text .stub .text.* .gnu.linkonce.t.*)
 .text          0x0000000000000224       0x3c c:/My_Designs/FinalProject/FinalProject/synthesis/software/nios_bsp//obj/HAL/src/crt0.o
                0x0000000000000224                _start
 .text          0x0000000000000260       0x34 obj/default/hello_world.o
                0x0000000000000260                main
 .text          0x0000000000000294        0x0 c:/intelfpga_lite/19.1/nios2eds/bin/gnu/h-x86_64-mingw32/bin/../lib/gcc/nios2-elf/8.3.1/../../../../../H-x86_64-mingw32/nios2-elf/lib/mno-hw-mul\libc.a(lib_a-puts.o)
 .text._puts_r  0x0000000000000294       0xcc c:/intelfpga_lite/19.1/nios2eds/bin/gnu/h-x86_64-mingw32/bin/../lib/gcc/nios2-elf/8.3.1/../../../../../H-x86_64-mingw32/nios2-elf/lib/mno-hw-mul\libc.a(lib_a-puts.o)
                0x0000000000000294                _puts_r
 .text.puts     0x0000000000000360       0x10 c:/intelfpga_lite/19.1/nios2eds/bin/gnu/h-x86_64-mingw32/bin/../lib/gcc/nios2-elf/8.3.1/../../../../../H-x86_64-mingw32/nios2-elf/lib/mno-hw-mul\libc.a(lib_a-puts.o)
                0x0000000000000360                puts
 .text          0x0000000000000370        0x0 c:/intelfpga_lite/19.1/nios2eds/bin/gnu/h-x86_64-mingw32/bin/../lib/gcc/nios2-elf/8.3.1/../../../../../H-x86_64-mingw32/nios2-elf/lib/mno-hw-mul\libc.a(lib_a-strlen.o)
 .text.strlen   0x0000000000000370       0x98 c:/intelfpga_lite/19.1/nios2eds/bin/gnu/h-x86_64-mingw32/bin/../lib/gcc/nios2-elf/8.3.1/../../../../../H-x86_64-mingw32/nios2-elf/lib/mno-hw-mul\libc.a(lib_a-strlen.o)
                0x0000000000000370                strlen
 .text          0x0000000000000408        0x0 c:/intelfpga_lite/19.1/nios2eds/bin/gnu/h-x86_64-mingw32/bin/../lib/gcc/nios2-elf/8.3.1/../../../../../H-x86_64-mingw32/nios2-elf/lib/mno-hw-mul\libc.a(lib_a-findfp.o)
 .text.__fp_lock
                0x0000000000000408        0x8 c:/intelfpga_lite/19.1/nios2eds/bin/gnu/h-x86_64-mingw32/bin/../lib/gcc/nios2-elf/8.3.1/../../../../../H-x86_64-mingw32/nios2-elf/lib/mno-hw-mul\libc.a(lib_a-findfp.o)
 .text._cleanup_r
                0x0000000000000410        0xc c:/intelfpga_lite/19.1/nios2eds/bin/gnu/h-x86_64-mingw32/bin/../lib/gcc/nios2-elf/8.3.1/../../../../../H-x86_64-mingw32/nios2-elf/lib/mno-hw-mul\libc.a(lib_a-findfp.o)
                0x0000000000000410                _cleanup_r
 .text.__sinit.part.0
                0x000000000000041c      0x168 c:/intelfpga_lite/19.1/nios2eds/bin/gnu/h-x86_64-mingw32/bin/../lib/gcc/nios2-elf/8.3.1/../../../../../H-x86_64-mingw32/nios2-elf/lib/mno-hw-mul\libc.a(lib_a-findfp.o)
 .text.__fp_unlock
                0x0000000000000584        0x8 c:/intelfpga_lite/19.1/nios2eds/bin/gnu/h-x86_64-mingw32/bin/../lib/gcc/nios2-elf/8.3.1/../../../../../H-x86_64-mingw32/nios2-elf/lib/mno-hw-mul\libc.a(lib_a-findfp.o)
 .text.__sfmoreglue
                0x000000000000058c       0x78 c:/intelfpga_lite/19.1/nios2eds/bin/gnu/h-x86_64-mingw32/bin/../lib/gcc/nios2-elf/8.3.1/../../../../../H-x86_64-mingw32/nios2-elf/lib/mno-hw-mul\libc.a(lib_a-findfp.o)
                0x000000000000058c                __sfmoreglue
 .text.__sfp    0x0000000000000604       0xfc c:/intelfpga_lite/19.1/nios2eds/bin/gnu/h-x86_64-mingw32/bin/../lib/gcc/nios2-elf/8.3.1/../../../../../H-x86_64-mingw32/nios2-elf/lib/mno-hw-mul\libc.a(lib_a-findfp.o)
                0x0000000000000604                __sfp
 .text._cleanup
                0x0000000000000700       0x14 c:/intelfpga_lite/19.1/nios2eds/bin/gnu/h-x86_64-mingw32/bin/../lib/gcc/nios2-elf/8.3.1/../../../../../H-x86_64-mingw32/nios2-elf/lib/mno-hw-mul\libc.a(lib_a-findfp.o)
                0x0000000000000700                _cleanup
 .text.__sinit  0x0000000000000714       0x10 c:/intelfpga_lite/19.1/nios2eds/bin/gnu/h-x86_64-mingw32/bin/../lib/gcc/nios2-elf/8.3.1/../../../../../H-x86_64-mingw32/nios2-elf/lib/mno-hw-mul\libc.a(lib_a-findfp.o)
                0x0000000000000714                __sinit
 .text.__sfp_lock_acquire
                0x0000000000000724        0x4 c:/intelfpga_lite/19.1/nios2eds/bin/gnu/h-x86_64-mingw32/bin/../lib/gcc/nios2-elf/8.3.1/../../../../../H-x86_64-mingw32/nios2-elf/lib/mno-hw-mul\libc.a(lib_a-findfp.o)
                0x0000000000000724                __sfp_lock_acquire
 .text.__sfp_lock_release
                0x0000000000000728        0x4 c:/intelfpga_lite/19.1/nios2eds/bin/gnu/h-x86_64-mingw32/bin/../lib/gcc/nios2-elf/8.3.1/../../../../../H-x86_64-mingw32/nios2-elf/lib/mno-hw-mul\libc.a(lib_a-findfp.o)
                0x0000000000000728                __sfp_lock_release
 .text.__sinit_lock_acquire
                0x000000000000072c        0x4 c:/intelfpga_lite/19.1/nios2eds/bin/gnu/h-x86_64-mingw32/bin/../lib/gcc/nios2-elf/8.3.1/../../../../../H-x86_64-mingw32/nios2-elf/lib/mno-hw-mul\libc.a(lib_a-findfp.o)
                0x000000000000072c                __sinit_lock_acquire
 .text.__sinit_lock_release
                0x0000000000000730        0x4 c:/intelfpga_lite/19.1/nios2eds/bin/gnu/h-x86_64-mingw32/bin/../lib/gcc/nios2-elf/8.3.1/../../../../../H-x86_64-mingw32/nios2-elf/lib/mno-hw-mul\libc.a(lib_a-findfp.o)
                0x0000000000000730                __sinit_lock_release
 .text.__fp_lock_all
                0x0000000000000734       0x14 c:/intelfpga_lite/19.1/nios2eds/bin/gnu/h-x86_64-mingw32/bin/../lib/gcc/nios2-elf/8.3.1/../../../../../H-x86_64-mingw32/nios2-elf/lib/mno-hw-mul\libc.a(lib_a-findfp.o)
                0x0000000000000734                __fp_lock_all
 .text.__fp_unlock_all
                0x0000000000000748       0x14 c:/intelfpga_lite/19.1/nios2eds/bin/gnu/h-x86_64-mingw32/bin/../lib/gcc/nios2-elf/8.3.1/../../../../../H-x86_64-mingw32/nios2-elf/lib/mno-hw-mul\libc.a(lib_a-findfp.o)
                0x0000000000000748                __fp_unlock_all
 .text          0x000000000000075c        0x0 c:/intelfpga_lite/19.1/nios2eds/bin/gnu/h-x86_64-mingw32/bin/../lib/gcc/nios2-elf/8.3.1/../../../../../H-x86_64-mingw32/nios2-elf/lib/mno-hw-mul\libc.a(lib_a-fvwrite.o)
 .text.__sfvwrite_r
                0x000000000000075c      0x4d4 c:/intelfpga_lite/19.1/nios2eds/bin/gnu/h-x86_64-mingw32/bin/../lib/gcc/nios2-elf/8.3.1/../../../../../H-x86_64-mingw32/nios2-elf/lib/mno-hw-mul\libc.a(lib_a-fvwrite.o)
                0x000000000000075c                __sfvwrite_r
 .text          0x0000000000000c30        0x0 c:/intelfpga_lite/19.1/nios2eds/bin/gnu/h-x86_64-mingw32/bin/../lib/gcc/nios2-elf/8.3.1/../../../../../H-x86_64-mingw32/nios2-elf/lib/mno-hw-mul\libc.a(lib_a-fwalk.o)
 .text._fwalk   0x0000000000000c30       0xa4 c:/intelfpga_lite/19.1/nios2eds/bin/gnu/h-x86_64-mingw32/bin/../lib/gcc/nios2-elf/8.3.1/../../../../../H-x86_64-mingw32/nios2-elf/lib/mno-hw-mul\libc.a(lib_a-fwalk.o)
                0x0000000000000c30                _fwalk
 .text._fwalk_reent
                0x0000000000000cd4       0xb4 c:/intelfpga_lite/19.1/nios2eds/bin/gnu/h-x86_64-mingw32/bin/../lib/gcc/nios2-elf/8.3.1/../../../../../H-x86_64-mingw32/nios2-elf/lib/mno-hw-mul\libc.a(lib_a-fwalk.o)
                0x0000000000000cd4                _fwalk_reent
 .text          0x0000000000000d88        0x0 c:/intelfpga_lite/19.1/nios2eds/bin/gnu/h-x86_64-mingw32/bin/../lib/gcc/nios2-elf/8.3.1/../../../../../H-x86_64-mingw32/nios2-elf/lib/mno-hw-mul\libc.a(lib_a-impure.o)
 .text          0x0000000000000d88        0x0 c:/intelfpga_lite/19.1/nios2eds/bin/gnu/h-x86_64-mingw32/bin/../lib/gcc/nios2-elf/8.3.1/../../../../../H-x86_64-mingw32/nios2-elf/lib/mno-hw-mul\libc.a(lib_a-mallocr.o)
 .text._malloc_r
                0x0000000000000d88      0x7f4 c:/intelfpga_lite/19.1/nios2eds/bin/gnu/h-x86_64-mingw32/bin/../lib/gcc/nios2-elf/8.3.1/../../../../../H-x86_64-mingw32/nios2-elf/lib/mno-hw-mul\libc.a(lib_a-mallocr.o)
                0x0000000000000d88                _malloc_r
 .text          0x000000000000157c        0x0 c:/intelfpga_lite/19.1/nios2eds/bin/gnu/h-x86_64-mingw32/bin/../lib/gcc/nios2-elf/8.3.1/../../../../../H-x86_64-mingw32/nios2-elf/lib/mno-hw-mul\libc.a(lib_a-memchr.o)
 .text.memchr   0x000000000000157c       0xe8 c:/intelfpga_lite/19.1/nios2eds/bin/gnu/h-x86_64-mingw32/bin/../lib/gcc/nios2-elf/8.3.1/../../../../../H-x86_64-mingw32/nios2-elf/lib/mno-hw-mul\libc.a(lib_a-memchr.o)
                0x000000000000157c                memchr
 .text          0x0000000000001664        0x0 c:/intelfpga_lite/19.1/nios2eds/bin/gnu/h-x86_64-mingw32/bin/../lib/gcc/nios2-elf/8.3.1/../../../../../H-x86_64-mingw32/nios2-elf/lib/mno-hw-mul\libc.a(lib_a-memcpy.o)
 .text.memcpy   0x0000000000001664      0x100 c:/intelfpga_lite/19.1/nios2eds/bin/gnu/h-x86_64-mingw32/bin/../lib/gcc/nios2-elf/8.3.1/../../../../../H-x86_64-mingw32/nios2-elf/lib/mno-hw-mul\libc.a(lib_a-memcpy.o)
                0x0000000000001664                memcpy
 .text          0x0000000000001764        0x0 c:/intelfpga_lite/19.1/nios2eds/bin/gnu/h-x86_64-mingw32/bin/../lib/gcc/nios2-elf/8.3.1/../../../../../H-x86_64-mingw32/nios2-elf/lib/mno-hw-mul\libc.a(lib_a-memmove.o)
 .text.memmove  0x0000000000001764      0x12c c:/intelfpga_lite/19.1/nios2eds/bin/gnu/h-x86_64-mingw32/bin/../lib/gcc/nios2-elf/8.3.1/../../../../../H-x86_64-mingw32/nios2-elf/lib/mno-hw-mul\libc.a(lib_a-memmove.o)
                0x0000000000001764                memmove
 .text          0x0000000000001890        0x0 c:/intelfpga_lite/19.1/nios2eds/bin/gnu/h-x86_64-mingw32/bin/../lib/gcc/nios2-elf/8.3.1/../../../../../H-x86_64-mingw32/nios2-elf/lib/mno-hw-mul\libc.a(lib_a-memset.o)
 .text.memset   0x0000000000001890       0xf0 c:/intelfpga_lite/19.1/nios2eds/bin/gnu/h-x86_64-mingw32/bin/../lib/gcc/nios2-elf/8.3.1/../../../../../H-x86_64-mingw32/nios2-elf/lib/mno-hw-mul\libc.a(lib_a-memset.o)
                0x0000000000001890                memset
 .text          0x0000000000001980        0x0 c:/intelfpga_lite/19.1/nios2eds/bin/gnu/h-x86_64-mingw32/bin/../lib/gcc/nios2-elf/8.3.1/../../../../../H-x86_64-mingw32/nios2-elf/lib/mno-hw-mul\libc.a(lib_a-reallocr.o)
 .text._realloc_r
                0x0000000000001980      0x62c c:/intelfpga_lite/19.1/nios2eds/bin/gnu/h-x86_64-mingw32/bin/../lib/gcc/nios2-elf/8.3.1/../../../../../H-x86_64-mingw32/nios2-elf/lib/mno-hw-mul\libc.a(lib_a-reallocr.o)
                0x0000000000001980                _realloc_r
 .text          0x0000000000001fac        0x0 c:/intelfpga_lite/19.1/nios2eds/bin/gnu/h-x86_64-mingw32/bin/../lib/gcc/nios2-elf/8.3.1/../../../../../H-x86_64-mingw32/nios2-elf/lib/mno-hw-mul\libc.a(lib_a-sbrkr.o)
 .text._sbrk_r  0x0000000000001fac       0x58 c:/intelfpga_lite/19.1/nios2eds/bin/gnu/h-x86_64-mingw32/bin/../lib/gcc/nios2-elf/8.3.1/../../../../../H-x86_64-mingw32/nios2-elf/lib/mno-hw-mul\libc.a(lib_a-sbrkr.o)
                0x0000000000001fac                _sbrk_r
 .text          0x0000000000002004        0x0 c:/intelfpga_lite/19.1/nios2eds/bin/gnu/h-x86_64-mingw32/bin/../lib/gcc/nios2-elf/8.3.1/../../../../../H-x86_64-mingw32/nios2-elf/lib/mno-hw-mul\libc.a(lib_a-stdio.o)
 .text.__sread  0x0000000000002004       0x54 c:/intelfpga_lite/19.1/nios2eds/bin/gnu/h-x86_64-mingw32/bin/../lib/gcc/nios2-elf/8.3.1/../../../../../H-x86_64-mingw32/nios2-elf/lib/mno-hw-mul\libc.a(lib_a-stdio.o)
                0x0000000000002004                __sread
 .text.__seofread
                0x0000000000002058        0x8 c:/intelfpga_lite/19.1/nios2eds/bin/gnu/h-x86_64-mingw32/bin/../lib/gcc/nios2-elf/8.3.1/../../../../../H-x86_64-mingw32/nios2-elf/lib/mno-hw-mul\libc.a(lib_a-stdio.o)
                0x0000000000002058                __seofread
 .text.__swrite
                0x0000000000002060       0x80 c:/intelfpga_lite/19.1/nios2eds/bin/gnu/h-x86_64-mingw32/bin/../lib/gcc/nios2-elf/8.3.1/../../../../../H-x86_64-mingw32/nios2-elf/lib/mno-hw-mul\libc.a(lib_a-stdio.o)
                0x0000000000002060                __swrite
 .text.__sseek  0x00000000000020e0       0x5c c:/intelfpga_lite/19.1/nios2eds/bin/gnu/h-x86_64-mingw32/bin/../lib/gcc/nios2-elf/8.3.1/../../../../../H-x86_64-mingw32/nios2-elf/lib/mno-hw-mul\libc.a(lib_a-stdio.o)
                0x00000000000020e0                __sseek
 .text.__sclose
                0x000000000000213c        0x8 c:/intelfpga_lite/19.1/nios2eds/bin/gnu/h-x86_64-mingw32/bin/../lib/gcc/nios2-elf/8.3.1/../../../../../H-x86_64-mingw32/nios2-elf/lib/mno-hw-mul\libc.a(lib_a-stdio.o)
                0x000000000000213c                __sclose
 .text          0x0000000000002144        0x0 c:/intelfpga_lite/19.1/nios2eds/bin/gnu/h-x86_64-mingw32/bin/../lib/gcc/nios2-elf/8.3.1/../../../../../H-x86_64-mingw32/nios2-elf/lib/mno-hw-mul\libc.a(lib_a-writer.o)
 .text._write_r
                0x0000000000002144       0x64 c:/intelfpga_lite/19.1/nios2eds/bin/gnu/h-x86_64-mingw32/bin/../lib/gcc/nios2-elf/8.3.1/../../../../../H-x86_64-mingw32/nios2-elf/lib/mno-hw-mul\libc.a(lib_a-writer.o)
                0x0000000000002144                _write_r
 .text          0x00000000000021a8        0x0 c:/intelfpga_lite/19.1/nios2eds/bin/gnu/h-x86_64-mingw32/bin/../lib/gcc/nios2-elf/8.3.1/../../../../../H-x86_64-mingw32/nios2-elf/lib/mno-hw-mul\libc.a(lib_a-wsetup.o)
 .text.__swsetup_r
                0x00000000000021a8      0x160 c:/intelfpga_lite/19.1/nios2eds/bin/gnu/h-x86_64-mingw32/bin/../lib/gcc/nios2-elf/8.3.1/../../../../../H-x86_64-mingw32/nios2-elf/lib/mno-hw-mul\libc.a(lib_a-wsetup.o)
                0x00000000000021a8                __swsetup_r
 .text          0x0000000000002308        0x0 c:/intelfpga_lite/19.1/nios2eds/bin/gnu/h-x86_64-mingw32/bin/../lib/gcc/nios2-elf/8.3.1/../../../../../H-x86_64-mingw32/nios2-elf/lib/mno-hw-mul\libc.a(closer.o)
 .text._close_r
                0x0000000000002308       0x58 c:/intelfpga_lite/19.1/nios2eds/bin/gnu/h-x86_64-mingw32/bin/../lib/gcc/nios2-elf/8.3.1/../../../../../H-x86_64-mingw32/nios2-elf/lib/mno-hw-mul\libc.a(closer.o)
                0x0000000000002308                _close_r
 .text          0x0000000000002360        0x0 c:/intelfpga_lite/19.1/nios2eds/bin/gnu/h-x86_64-mingw32/bin/../lib/gcc/nios2-elf/8.3.1/../../../../../H-x86_64-mingw32/nios2-elf/lib/mno-hw-mul\libc.a(lib_a-fclose.o)
 .text._fclose_r
                0x0000000000002360       0xf8 c:/intelfpga_lite/19.1/nios2eds/bin/gnu/h-x86_64-mingw32/bin/../lib/gcc/nios2-elf/8.3.1/../../../../../H-x86_64-mingw32/nios2-elf/lib/mno-hw-mul\libc.a(lib_a-fclose.o)
                0x0000000000002360                _fclose_r
 .text.fclose   0x0000000000002458       0x10 c:/intelfpga_lite/19.1/nios2eds/bin/gnu/h-x86_64-mingw32/bin/../lib/gcc/nios2-elf/8.3.1/../../../../../H-x86_64-mingw32/nios2-elf/lib/mno-hw-mul\libc.a(lib_a-fclose.o)
                0x0000000000002458                fclose
 .text          0x0000000000002468        0x0 c:/intelfpga_lite/19.1/nios2eds/bin/gnu/h-x86_64-mingw32/bin/../lib/gcc/nios2-elf/8.3.1/../../../../../H-x86_64-mingw32/nios2-elf/lib/mno-hw-mul\libc.a(lib_a-fflush.o)
 .text.__sflush_r
                0x0000000000002468      0x228 c:/intelfpga_lite/19.1/nios2eds/bin/gnu/h-x86_64-mingw32/bin/../lib/gcc/nios2-elf/8.3.1/../../../../../H-x86_64-mingw32/nios2-elf/lib/mno-hw-mul\libc.a(lib_a-fflush.o)
                0x0000000000002468                __sflush_r
 .text._fflush_r
                0x0000000000002690       0x60 c:/intelfpga_lite/19.1/nios2eds/bin/gnu/h-x86_64-mingw32/bin/../lib/gcc/nios2-elf/8.3.1/../../../../../H-x86_64-mingw32/nios2-elf/lib/mno-hw-mul\libc.a(lib_a-fflush.o)
                0x0000000000002690                _fflush_r
 .text.fflush   0x00000000000026f0       0x28 c:/intelfpga_lite/19.1/nios2eds/bin/gnu/h-x86_64-mingw32/bin/../lib/gcc/nios2-elf/8.3.1/../../../../../H-x86_64-mingw32/nios2-elf/lib/mno-hw-mul\libc.a(lib_a-fflush.o)
                0x00000000000026f0                fflush
 .text          0x0000000000002718        0x0 c:/intelfpga_lite/19.1/nios2eds/bin/gnu/h-x86_64-mingw32/bin/../lib/gcc/nios2-elf/8.3.1/../../../../../H-x86_64-mingw32/nios2-elf/lib/mno-hw-mul\libc.a(lib_a-freer.o)
 .text._malloc_trim_r
                0x0000000000002718      0x11c c:/intelfpga_lite/19.1/nios2eds/bin/gnu/h-x86_64-mingw32/bin/../lib/gcc/nios2-elf/8.3.1/../../../../../H-x86_64-mingw32/nios2-elf/lib/mno-hw-mul\libc.a(lib_a-freer.o)
                0x0000000000002718                _malloc_trim_r
 .text._free_r  0x0000000000002834      0x2fc c:/intelfpga_lite/19.1/nios2eds/bin/gnu/h-x86_64-mingw32/bin/../lib/gcc/nios2-elf/8.3.1/../../../../../H-x86_64-mingw32/nios2-elf/lib/mno-hw-mul\libc.a(lib_a-freer.o)
                0x0000000000002834                _free_r
 .text          0x0000000000002b30        0x0 c:/intelfpga_lite/19.1/nios2eds/bin/gnu/h-x86_64-mingw32/bin/../lib/gcc/nios2-elf/8.3.1/../../../../../H-x86_64-mingw32/nios2-elf/lib/mno-hw-mul\libc.a(lib_a-int_errno.o)
 .text          0x0000000000002b30        0x0 c:/intelfpga_lite/19.1/nios2eds/bin/gnu/h-x86_64-mingw32/bin/../lib/gcc/nios2-elf/8.3.1/../../../../../H-x86_64-mingw32/nios2-elf/lib/mno-hw-mul\libc.a(lib_a-lseekr.o)
 .text._lseek_r
                0x0000000000002b30       0x64 c:/intelfpga_lite/19.1/nios2eds/bin/gnu/h-x86_64-mingw32/bin/../lib/gcc/nios2-elf/8.3.1/../../../../../H-x86_64-mingw32/nios2-elf/lib/mno-hw-mul\libc.a(lib_a-lseekr.o)
                0x0000000000002b30                _lseek_r
 .text          0x0000000000002b94        0x0 c:/intelfpga_lite/19.1/nios2eds/bin/gnu/h-x86_64-mingw32/bin/../lib/gcc/nios2-elf/8.3.1/../../../../../H-x86_64-mingw32/nios2-elf/lib/mno-hw-mul\libc.a(lib_a-makebuf.o)
 .text.__swhatbuf_r
                0x0000000000002b94       0x98 c:/intelfpga_lite/19.1/nios2eds/bin/gnu/h-x86_64-mingw32/bin/../lib/gcc/nios2-elf/8.3.1/../../../../../H-x86_64-mingw32/nios2-elf/lib/mno-hw-mul\libc.a(lib_a-makebuf.o)
                0x0000000000002b94                __swhatbuf_r
 .text.__smakebuf_r
                0x0000000000002c2c      0x13c c:/intelfpga_lite/19.1/nios2eds/bin/gnu/h-x86_64-mingw32/bin/../lib/gcc/nios2-elf/8.3.1/../../../../../H-x86_64-mingw32/nios2-elf/lib/mno-hw-mul\libc.a(lib_a-makebuf.o)
                0x0000000000002c2c                __smakebuf_r
 .text          0x0000000000002d68        0x0 c:/intelfpga_lite/19.1/nios2eds/bin/gnu/h-x86_64-mingw32/bin/../lib/gcc/nios2-elf/8.3.1/../../../../../H-x86_64-mingw32/nios2-elf/lib/mno-hw-mul\libc.a(lib_a-readr.o)
 .text._read_r  0x0000000000002d68       0x64 c:/intelfpga_lite/19.1/nios2eds/bin/gnu/h-x86_64-mingw32/bin/../lib/gcc/nios2-elf/8.3.1/../../../../../H-x86_64-mingw32/nios2-elf/lib/mno-hw-mul\libc.a(lib_a-readr.o)
                0x0000000000002d68                _read_r
 .text          0x0000000000002dcc        0x0 c:/intelfpga_lite/19.1/nios2eds/bin/gnu/h-x86_64-mingw32/bin/../lib/gcc/nios2-elf/8.3.1/../../../../../H-x86_64-mingw32/nios2-elf/lib/mno-hw-mul\libc.a(lib_a-fstatr.o)
 .text._fstat_r
                0x0000000000002dcc       0x60 c:/intelfpga_lite/19.1/nios2eds/bin/gnu/h-x86_64-mingw32/bin/../lib/gcc/nios2-elf/8.3.1/../../../../../H-x86_64-mingw32/nios2-elf/lib/mno-hw-mul\libc.a(lib_a-fstatr.o)
                0x0000000000002dcc                _fstat_r
 .text          0x0000000000002e2c        0x0 c:/intelfpga_lite/19.1/nios2eds/bin/gnu/h-x86_64-mingw32/bin/../lib/gcc/nios2-elf/8.3.1/../../../../../H-x86_64-mingw32/nios2-elf/lib/mno-hw-mul\libc.a(lib_a-isattyr.o)
 .text._isatty_r
                0x0000000000002e2c       0x58 c:/intelfpga_lite/19.1/nios2eds/bin/gnu/h-x86_64-mingw32/bin/../lib/gcc/nios2-elf/8.3.1/../../../../../H-x86_64-mingw32/nios2-elf/lib/mno-hw-mul\libc.a(lib_a-isattyr.o)
                0x0000000000002e2c                _isatty_r
 .text          0x0000000000002e84      0x1b8 c:/intelfpga_lite/19.1/nios2eds/bin/gnu/h-x86_64-mingw32/bin/../lib/gcc/nios2-elf/8.3.1/mno-hw-mul\libgcc.a(lib2-divmod.o)
                0x0000000000002e84                __divsi3
                0x0000000000002f04                __modsi3
                0x0000000000002f7c                __udivsi3
                0x0000000000002fe0                __umodsi3
 .text          0x000000000000303c       0x28 c:/intelfpga_lite/19.1/nios2eds/bin/gnu/h-x86_64-mingw32/bin/../lib/gcc/nios2-elf/8.3.1/mno-hw-mul\libgcc.a(lib2-mul.o)
                0x000000000000303c                __mulsi3
 .text          0x0000000000003064      0x118 c:/My_Designs/FinalProject/FinalProject/synthesis/software/nios_bsp/\libhal_bsp.a(alt_close.o)
                0x00000000000030a0                close
 .text          0x000000000000317c       0x2c c:/My_Designs/FinalProject/FinalProject/synthesis/software/nios_bsp/\libhal_bsp.a(alt_dev.o)
 .text          0x00000000000031a8        0x0 c:/My_Designs/FinalProject/FinalProject/synthesis/software/nios_bsp/\libhal_bsp.a(alt_errno.o)
 .text          0x00000000000031a8       0xf8 c:/My_Designs/FinalProject/FinalProject/synthesis/software/nios_bsp/\libhal_bsp.a(alt_fstat.o)
                0x00000000000031e4                fstat
 .text          0x00000000000032a0       0xec c:/My_Designs/FinalProject/FinalProject/synthesis/software/nios_bsp/\libhal_bsp.a(alt_isatty.o)
                0x00000000000032dc                isatty
 .text          0x000000000000338c       0xec c:/My_Designs/FinalProject/FinalProject/synthesis/software/nios_bsp/\libhal_bsp.a(alt_load.o)
                0x00000000000033f4                alt_load
 .text          0x0000000000003478      0x11c c:/My_Designs/FinalProject/FinalProject/synthesis/software/nios_bsp/\libhal_bsp.a(alt_lseek.o)
                0x00000000000034b4                lseek
 .text          0x0000000000003594       0x7c c:/My_Designs/FinalProject/FinalProject/synthesis/software/nios_bsp/\libhal_bsp.a(alt_main.o)
                0x0000000000003594                alt_main
 .text          0x0000000000003610       0x48 c:/My_Designs/FinalProject/FinalProject/synthesis/software/nios_bsp/\libhal_bsp.a(alt_malloc_lock.o)
                0x0000000000003610                __malloc_lock
                0x0000000000003634                __malloc_unlock
 .text          0x0000000000003658      0x144 c:/My_Designs/FinalProject/FinalProject/synthesis/software/nios_bsp/\libhal_bsp.a(alt_read.o)
                0x0000000000003694                read
 .text          0x000000000000379c       0x70 c:/My_Designs/FinalProject/FinalProject/synthesis/software/nios_bsp/\libhal_bsp.a(alt_release_fd.o)
                0x000000000000379c                alt_release_fd
 .text          0x000000000000380c       0xb0 c:/My_Designs/FinalProject/FinalProject/synthesis/software/nios_bsp/\libhal_bsp.a(alt_sbrk.o)
                0x000000000000380c                sbrk
 .text          0x00000000000038bc      0x140 c:/My_Designs/FinalProject/FinalProject/synthesis/software/nios_bsp/\libhal_bsp.a(alt_write.o)
                0x00000000000038f8                write
 .text          0x00000000000039fc       0xb4 c:/My_Designs/FinalProject/FinalProject/synthesis/software/nios_bsp/\libhal_bsp.a(alt_sys_init.o)
                0x0000000000003a30                alt_irq_init
                0x0000000000003a68                alt_sys_init
 .text          0x0000000000003ab0      0x164 c:/My_Designs/FinalProject/FinalProject/synthesis/software/nios_bsp/\libhal_bsp.a(altera_avalon_jtag_uart_fd.o)
                0x0000000000003ab0                altera_avalon_jtag_uart_read_fd
                0x0000000000003b10                altera_avalon_jtag_uart_write_fd
                0x0000000000003b70                altera_avalon_jtag_uart_close_fd
                0x0000000000003bc0                altera_avalon_jtag_uart_ioctl_fd
 .text          0x0000000000003c14      0x3cc c:/My_Designs/FinalProject/FinalProject/synthesis/software/nios_bsp/\libhal_bsp.a(altera_avalon_jtag_uart_init.o)
                0x0000000000003c14                altera_avalon_jtag_uart_init
                0x0000000000003f78                altera_avalon_jtag_uart_close
 .text          0x0000000000003fe0       0xf4 c:/My_Designs/FinalProject/FinalProject/synthesis/software/nios_bsp/\libhal_bsp.a(altera_avalon_jtag_uart_ioctl.o)
                0x0000000000003fe0                altera_avalon_jtag_uart_ioctl
 .text          0x00000000000040d4      0x21c c:/My_Designs/FinalProject/FinalProject/synthesis/software/nios_bsp/\libhal_bsp.a(altera_avalon_jtag_uart_read.o)
                0x00000000000040d4                altera_avalon_jtag_uart_read
 .text          0x00000000000042f0      0x224 c:/My_Designs/FinalProject/FinalProject/synthesis/software/nios_bsp/\libhal_bsp.a(altera_avalon_jtag_uart_write.o)
                0x00000000000042f0                altera_avalon_jtag_uart_write
 .text          0x0000000000004514      0x12c c:/My_Designs/FinalProject/FinalProject/synthesis/software/nios_bsp/\libhal_bsp.a(alt_alarm_start.o)
                0x0000000000004514                alt_alarm_start
 .text          0x0000000000004640       0x20 c:/My_Designs/FinalProject/FinalProject/synthesis/software/nios_bsp/\libhal_bsp.a(alt_dcache_flush_all.o)
                0x0000000000004640                alt_dcache_flush_all
 .text          0x0000000000004660       0xe0 c:/My_Designs/FinalProject/FinalProject/synthesis/software/nios_bsp/\libhal_bsp.a(alt_dev_llist_insert.o)
                0x000000000000469c                alt_dev_llist_insert
 .text          0x0000000000004740       0x60 c:/My_Designs/FinalProject/FinalProject/synthesis/software/nios_bsp/\libhal_bsp.a(alt_do_ctors.o)
                0x0000000000004740                _do_ctors
 .text          0x00000000000047a0       0x60 c:/My_Designs/FinalProject/FinalProject/synthesis/software/nios_bsp/\libhal_bsp.a(alt_do_dtors.o)
                0x00000000000047a0                _do_dtors
 .text          0x0000000000004800       0x20 c:/My_Designs/FinalProject/FinalProject/synthesis/software/nios_bsp/\libhal_bsp.a(alt_icache_flush_all.o)
                0x0000000000004800                alt_icache_flush_all
 .text          0x0000000000004820      0x1b0 c:/My_Designs/FinalProject/FinalProject/synthesis/software/nios_bsp/\libhal_bsp.a(alt_iic.o)
                0x0000000000004820                alt_ic_isr_register
                0x0000000000004870                alt_ic_irq_enable
                0x00000000000048f8                alt_ic_irq_disable
                0x0000000000004984                alt_ic_irq_enabled
 .text          0x00000000000049d0       0xe4 c:/My_Designs/FinalProject/FinalProject/synthesis/software/nios_bsp/\libhal_bsp.a(alt_iic_isr_register.o)
                0x00000000000049d0                alt_iic_isr_register
 .text          0x0000000000004ab4      0x150 c:/My_Designs/FinalProject/FinalProject/synthesis/software/nios_bsp/\libhal_bsp.a(alt_io_redirect.o)
                0x0000000000004b88                alt_io_redirect
 .text          0x0000000000004c04        0x0 c:/My_Designs/FinalProject/FinalProject/synthesis/software/nios_bsp/\libhal_bsp.a(alt_irq_entry.o)
 .text          0x0000000000004c04        0x0 c:/My_Designs/FinalProject/FinalProject/synthesis/software/nios_bsp/\libhal_bsp.a(alt_irq_handler.o)
 .text          0x0000000000004c04        0x0 c:/My_Designs/FinalProject/FinalProject/synthesis/software/nios_bsp/\libhal_bsp.a(alt_irq_vars.o)
 .text          0x0000000000004c04      0x278 c:/My_Designs/FinalProject/FinalProject/synthesis/software/nios_bsp/\libhal_bsp.a(alt_open.o)
                0x0000000000004d1c                open
 .text          0x0000000000004e7c      0x1a4 c:/My_Designs/FinalProject/FinalProject/synthesis/software/nios_bsp/\libhal_bsp.a(alt_tick.o)
                0x0000000000004e7c                alt_alarm_stop
                0x0000000000004f18                alt_tick
 .text          0x0000000000005020       0x24 c:/My_Designs/FinalProject/FinalProject/synthesis/software/nios_bsp/\libhal_bsp.a(altera_nios2_gen2_irq.o)
                0x0000000000005020                altera_nios2_gen2_irq_init
 .text          0x0000000000005044        0x0 c:/My_Designs/FinalProject/FinalProject/synthesis/software/nios_bsp/\libhal_bsp.a(alt_exception_entry.o)
 .text          0x0000000000005044       0x90 c:/My_Designs/FinalProject/FinalProject/synthesis/software/nios_bsp/\libhal_bsp.a(alt_find_dev.o)
                0x0000000000005044                alt_find_dev
 .text          0x00000000000050d4      0x108 c:/My_Designs/FinalProject/FinalProject/synthesis/software/nios_bsp/\libhal_bsp.a(alt_find_file.o)
                0x00000000000050d4                alt_find_file
 .text          0x00000000000051dc       0xb8 c:/My_Designs/FinalProject/FinalProject/synthesis/software/nios_bsp/\libhal_bsp.a(alt_get_fd.o)
                0x00000000000051dc                alt_get_fd
 .text          0x0000000000005294       0x98 c:/My_Designs/FinalProject/FinalProject/synthesis/software/nios_bsp/\libhal_bsp.a(alt_instruction_exception_entry.o)
                0x0000000000005294                alt_exception_cause_generated_bad_addr
 .text          0x000000000000532c        0x0 c:/intelfpga_lite/19.1/nios2eds/bin/gnu/h-x86_64-mingw32/bin/../lib/gcc/nios2-elf/8.3.1/../../../../../H-x86_64-mingw32/nios2-elf/lib/mno-hw-mul\libc.a(lib_a-atexit.o)
 .text.atexit   0x000000000000532c       0x14 c:/intelfpga_lite/19.1/nios2eds/bin/gnu/h-x86_64-mingw32/bin/../lib/gcc/nios2-elf/8.3.1/../../../../../H-x86_64-mingw32/nios2-elf/lib/mno-hw-mul\libc.a(lib_a-atexit.o)
                0x000000000000532c                atexit
 .text          0x0000000000005340        0x0 c:/intelfpga_lite/19.1/nios2eds/bin/gnu/h-x86_64-mingw32/bin/../lib/gcc/nios2-elf/8.3.1/../../../../../H-x86_64-mingw32/nios2-elf/lib/mno-hw-mul\libc.a(lib_a-exit.o)
 .text.exit     0x0000000000005340       0x34 c:/intelfpga_lite/19.1/nios2eds/bin/gnu/h-x86_64-mingw32/bin/../lib/gcc/nios2-elf/8.3.1/../../../../../H-x86_64-mingw32/nios2-elf/lib/mno-hw-mul\libc.a(lib_a-exit.o)
                0x0000000000005340                exit
 .text          0x0000000000005374        0x0 c:/intelfpga_lite/19.1/nios2eds/bin/gnu/h-x86_64-mingw32/bin/../lib/gcc/nios2-elf/8.3.1/../../../../../H-x86_64-mingw32/nios2-elf/lib/mno-hw-mul\libc.a(lib_a-memcmp.o)
 .text.memcmp   0x0000000000005374       0x8c c:/intelfpga_lite/19.1/nios2eds/bin/gnu/h-x86_64-mingw32/bin/../lib/gcc/nios2-elf/8.3.1/../../../../../H-x86_64-mingw32/nios2-elf/lib/mno-hw-mul\libc.a(lib_a-memcmp.o)
                0x0000000000005374                memcmp
 .text          0x0000000000005400        0x0 c:/intelfpga_lite/19.1/nios2eds/bin/gnu/h-x86_64-mingw32/bin/../lib/gcc/nios2-elf/8.3.1/../../../../../H-x86_64-mingw32/nios2-elf/lib/mno-hw-mul\libc.a(lib_a-__atexit.o)
 .text.__register_exitproc
                0x0000000000005400       0x90 c:/intelfpga_lite/19.1/nios2eds/bin/gnu/h-x86_64-mingw32/bin/../lib/gcc/nios2-elf/8.3.1/../../../../../H-x86_64-mingw32/nios2-elf/lib/mno-hw-mul\libc.a(lib_a-__atexit.o)
                0x0000000000005400                __register_exitproc
 .text          0x0000000000005490        0x0 c:/intelfpga_lite/19.1/nios2eds/bin/gnu/h-x86_64-mingw32/bin/../lib/gcc/nios2-elf/8.3.1/../../../../../H-x86_64-mingw32/nios2-elf/lib/mno-hw-mul\libc.a(lib_a-__call_atexit.o)
 .text.__call_exitprocs
                0x0000000000005490      0x118 c:/intelfpga_lite/19.1/nios2eds/bin/gnu/h-x86_64-mingw32/bin/../lib/gcc/nios2-elf/8.3.1/../../../../../H-x86_64-mingw32/nios2-elf/lib/mno-hw-mul\libc.a(lib_a-__call_atexit.o)
                0x0000000000005490                __call_exitprocs
 .text          0x00000000000055a8       0x34 c:/My_Designs/FinalProject/FinalProject/synthesis/software/nios_bsp/\libhal_bsp.a(alt_exit.o)
                0x00000000000055a8                _exit
 *(.gnu.warning.*)
 *(.fini)
                [!provide]                        PROVIDE (__etext = ABSOLUTE (.))
                [!provide]                        PROVIDE (_etext = ABSOLUTE (.))
                [!provide]                        PROVIDE (etext = ABSOLUTE (.))
 *(.eh_frame_hdr)
                0x00000000000055dc                . = ALIGN (0x4)
                [!provide]                        PROVIDE (__preinit_array_start = ABSOLUTE (.))
 *(.preinit_array)
                [!provide]                        PROVIDE (__preinit_array_end = ABSOLUTE (.))
                [!provide]                        PROVIDE (__init_array_start = ABSOLUTE (.))
 *(.init_array)
                [!provide]                        PROVIDE (__init_array_end = ABSOLUTE (.))
                [!provide]                        PROVIDE (__fini_array_start = ABSOLUTE (.))
 *(.fini_array)
                [!provide]                        PROVIDE (__fini_array_end = ABSOLUTE (.))
 *(.eh_frame)
 *(.gcc_except_table .gcc_except_table.*)
 *(.dynamic)
                0x00000000000055dc                PROVIDE (__CTOR_LIST__ = ABSOLUTE (.))
 *(.ctors)
 *(SORT_BY_NAME(.ctors.*))
                0x00000000000055dc                PROVIDE (__CTOR_END__ = ABSOLUTE (.))
                0x00000000000055dc                PROVIDE (__DTOR_LIST__ = ABSOLUTE (.))
 *(.dtors)
 *(SORT_BY_NAME(.dtors.*))
                0x00000000000055dc                PROVIDE (__DTOR_END__ = ABSOLUTE (.))
 *(.jcr)
                0x00000000000055dc                . = ALIGN (0x4)

.rodata         0x00000000000055dc       0x4c
                0x00000000000055dc                PROVIDE (__ram_rodata_start = ABSOLUTE (.))
                0x00000000000055dc                . = ALIGN (0x4)
 *(.rodata .rodata.* .gnu.linkonce.r.*)
 .rodata        0x00000000000055dc       0x14 obj/default/hello_world.o
 .rodata._puts_r.str1.4
                0x00000000000055f0        0x4 c:/intelfpga_lite/19.1/nios2eds/bin/gnu/h-x86_64-mingw32/bin/../lib/gcc/nios2-elf/8.3.1/../../../../../H-x86_64-mingw32/nios2-elf/lib/mno-hw-mul\libc.a(lib_a-puts.o)
                                          0x2 (size before relaxing)
 .rodata        0x00000000000055f4        0xa c:/My_Designs/FinalProject/FinalProject/synthesis/software/nios_bsp/\libhal_bsp.a(alt_dev.o)
 *fill*         0x00000000000055fe        0x2 
 .rodata        0x0000000000005600       0x11 c:/My_Designs/FinalProject/FinalProject/synthesis/software/nios_bsp/\libhal_bsp.a(alt_main.o)
 *fill*         0x0000000000005611        0x3 
 .rodata        0x0000000000005614       0x11 c:/My_Designs/FinalProject/FinalProject/synthesis/software/nios_bsp/\libhal_bsp.a(alt_sys_init.o)
 *(.rodata1)
                0x0000000000005628                . = ALIGN (0x4)
 *fill*         0x0000000000005625        0x3 
                0x0000000000005628                PROVIDE (__ram_rodata_end = ABSOLUTE (.))
                0x00000000000055dc                PROVIDE (__flash_rodata_start = LOADADDR (.rodata))

.rwdata         0x0000000000005628     0x1a6c load address 0x0000000000007094
                0x0000000000005628                PROVIDE (__ram_rwdata_start = ABSOLUTE (.))
                0x0000000000005628                . = ALIGN (0x4)
 *(.got.plt)
 *(.got)
 *(.data1)
 *(.data .data.* .gnu.linkonce.d.*)
 .data          0x0000000000005628        0x0 c:/My_Designs/FinalProject/FinalProject/synthesis/software/nios_bsp//obj/HAL/src/crt0.o
 .data          0x0000000000005628        0x0 obj/default/hello_world.o
 .data          0x0000000000005628        0x0 c:/intelfpga_lite/19.1/nios2eds/bin/gnu/h-x86_64-mingw32/bin/../lib/gcc/nios2-elf/8.3.1/../../../../../H-x86_64-mingw32/nios2-elf/lib/mno-hw-mul\libc.a(lib_a-puts.o)
 .data          0x0000000000005628        0x0 c:/intelfpga_lite/19.1/nios2eds/bin/gnu/h-x86_64-mingw32/bin/../lib/gcc/nios2-elf/8.3.1/../../../../../H-x86_64-mingw32/nios2-elf/lib/mno-hw-mul\libc.a(lib_a-strlen.o)
 .data          0x0000000000005628        0x0 c:/intelfpga_lite/19.1/nios2eds/bin/gnu/h-x86_64-mingw32/bin/../lib/gcc/nios2-elf/8.3.1/../../../../../H-x86_64-mingw32/nios2-elf/lib/mno-hw-mul\libc.a(lib_a-findfp.o)
 .data          0x0000000000005628        0x0 c:/intelfpga_lite/19.1/nios2eds/bin/gnu/h-x86_64-mingw32/bin/../lib/gcc/nios2-elf/8.3.1/../../../../../H-x86_64-mingw32/nios2-elf/lib/mno-hw-mul\libc.a(lib_a-fvwrite.o)
 .data          0x0000000000005628        0x0 c:/intelfpga_lite/19.1/nios2eds/bin/gnu/h-x86_64-mingw32/bin/../lib/gcc/nios2-elf/8.3.1/../../../../../H-x86_64-mingw32/nios2-elf/lib/mno-hw-mul\libc.a(lib_a-fwalk.o)
 .data          0x0000000000005628        0x0 c:/intelfpga_lite/19.1/nios2eds/bin/gnu/h-x86_64-mingw32/bin/../lib/gcc/nios2-elf/8.3.1/../../../../../H-x86_64-mingw32/nios2-elf/lib/mno-hw-mul\libc.a(lib_a-impure.o)
 .data.impure_data
                0x0000000000005628      0x424 c:/intelfpga_lite/19.1/nios2eds/bin/gnu/h-x86_64-mingw32/bin/../lib/gcc/nios2-elf/8.3.1/../../../../../H-x86_64-mingw32/nios2-elf/lib/mno-hw-mul\libc.a(lib_a-impure.o)
 .data          0x0000000000005a4c        0x0 c:/intelfpga_lite/19.1/nios2eds/bin/gnu/h-x86_64-mingw32/bin/../lib/gcc/nios2-elf/8.3.1/../../../../../H-x86_64-mingw32/nios2-elf/lib/mno-hw-mul\libc.a(lib_a-mallocr.o)
 .data.__malloc_av_
                0x0000000000005a4c      0x408 c:/intelfpga_lite/19.1/nios2eds/bin/gnu/h-x86_64-mingw32/bin/../lib/gcc/nios2-elf/8.3.1/../../../../../H-x86_64-mingw32/nios2-elf/lib/mno-hw-mul\libc.a(lib_a-mallocr.o)
                0x0000000000005a4c                __malloc_av_
 .data          0x0000000000005e54        0x0 c:/intelfpga_lite/19.1/nios2eds/bin/gnu/h-x86_64-mingw32/bin/../lib/gcc/nios2-elf/8.3.1/../../../../../H-x86_64-mingw32/nios2-elf/lib/mno-hw-mul\libc.a(lib_a-memchr.o)
 .data          0x0000000000005e54        0x0 c:/intelfpga_lite/19.1/nios2eds/bin/gnu/h-x86_64-mingw32/bin/../lib/gcc/nios2-elf/8.3.1/../../../../../H-x86_64-mingw32/nios2-elf/lib/mno-hw-mul\libc.a(lib_a-memcpy.o)
 .data          0x0000000000005e54        0x0 c:/intelfpga_lite/19.1/nios2eds/bin/gnu/h-x86_64-mingw32/bin/../lib/gcc/nios2-elf/8.3.1/../../../../../H-x86_64-mingw32/nios2-elf/lib/mno-hw-mul\libc.a(lib_a-memmove.o)
 .data          0x0000000000005e54        0x0 c:/intelfpga_lite/19.1/nios2eds/bin/gnu/h-x86_64-mingw32/bin/../lib/gcc/nios2-elf/8.3.1/../../../../../H-x86_64-mingw32/nios2-elf/lib/mno-hw-mul\libc.a(lib_a-memset.o)
 .data          0x0000000000005e54        0x0 c:/intelfpga_lite/19.1/nios2eds/bin/gnu/h-x86_64-mingw32/bin/../lib/gcc/nios2-elf/8.3.1/../../../../../H-x86_64-mingw32/nios2-elf/lib/mno-hw-mul\libc.a(lib_a-reallocr.o)
 .data          0x0000000000005e54        0x0 c:/intelfpga_lite/19.1/nios2eds/bin/gnu/h-x86_64-mingw32/bin/../lib/gcc/nios2-elf/8.3.1/../../../../../H-x86_64-mingw32/nios2-elf/lib/mno-hw-mul\libc.a(lib_a-sbrkr.o)
 .data          0x0000000000005e54        0x0 c:/intelfpga_lite/19.1/nios2eds/bin/gnu/h-x86_64-mingw32/bin/../lib/gcc/nios2-elf/8.3.1/../../../../../H-x86_64-mingw32/nios2-elf/lib/mno-hw-mul\libc.a(lib_a-stdio.o)
 .data          0x0000000000005e54        0x0 c:/intelfpga_lite/19.1/nios2eds/bin/gnu/h-x86_64-mingw32/bin/../lib/gcc/nios2-elf/8.3.1/../../../../../H-x86_64-mingw32/nios2-elf/lib/mno-hw-mul\libc.a(lib_a-writer.o)
 .data          0x0000000000005e54        0x0 c:/intelfpga_lite/19.1/nios2eds/bin/gnu/h-x86_64-mingw32/bin/../lib/gcc/nios2-elf/8.3.1/../../../../../H-x86_64-mingw32/nios2-elf/lib/mno-hw-mul\libc.a(lib_a-wsetup.o)
 .data          0x0000000000005e54        0x0 c:/intelfpga_lite/19.1/nios2eds/bin/gnu/h-x86_64-mingw32/bin/../lib/gcc/nios2-elf/8.3.1/../../../../../H-x86_64-mingw32/nios2-elf/lib/mno-hw-mul\libc.a(closer.o)
 .data          0x0000000000005e54        0x0 c:/intelfpga_lite/19.1/nios2eds/bin/gnu/h-x86_64-mingw32/bin/../lib/gcc/nios2-elf/8.3.1/../../../../../H-x86_64-mingw32/nios2-elf/lib/mno-hw-mul\libc.a(lib_a-fclose.o)
 .data          0x0000000000005e54        0x0 c:/intelfpga_lite/19.1/nios2eds/bin/gnu/h-x86_64-mingw32/bin/../lib/gcc/nios2-elf/8.3.1/../../../../../H-x86_64-mingw32/nios2-elf/lib/mno-hw-mul\libc.a(lib_a-fflush.o)
 .data          0x0000000000005e54        0x0 c:/intelfpga_lite/19.1/nios2eds/bin/gnu/h-x86_64-mingw32/bin/../lib/gcc/nios2-elf/8.3.1/../../../../../H-x86_64-mingw32/nios2-elf/lib/mno-hw-mul\libc.a(lib_a-freer.o)
 .data          0x0000000000005e54        0x0 c:/intelfpga_lite/19.1/nios2eds/bin/gnu/h-x86_64-mingw32/bin/../lib/gcc/nios2-elf/8.3.1/../../../../../H-x86_64-mingw32/nios2-elf/lib/mno-hw-mul\libc.a(lib_a-int_errno.o)
 .data          0x0000000000005e54        0x0 c:/intelfpga_lite/19.1/nios2eds/bin/gnu/h-x86_64-mingw32/bin/../lib/gcc/nios2-elf/8.3.1/../../../../../H-x86_64-mingw32/nios2-elf/lib/mno-hw-mul\libc.a(lib_a-lseekr.o)
 .data          0x0000000000005e54        0x0 c:/intelfpga_lite/19.1/nios2eds/bin/gnu/h-x86_64-mingw32/bin/../lib/gcc/nios2-elf/8.3.1/../../../../../H-x86_64-mingw32/nios2-elf/lib/mno-hw-mul\libc.a(lib_a-makebuf.o)
 .data          0x0000000000005e54        0x0 c:/intelfpga_lite/19.1/nios2eds/bin/gnu/h-x86_64-mingw32/bin/../lib/gcc/nios2-elf/8.3.1/../../../../../H-x86_64-mingw32/nios2-elf/lib/mno-hw-mul\libc.a(lib_a-readr.o)
 .data          0x0000000000005e54        0x0 c:/intelfpga_lite/19.1/nios2eds/bin/gnu/h-x86_64-mingw32/bin/../lib/gcc/nios2-elf/8.3.1/../../../../../H-x86_64-mingw32/nios2-elf/lib/mno-hw-mul\libc.a(lib_a-fstatr.o)
 .data          0x0000000000005e54        0x0 c:/intelfpga_lite/19.1/nios2eds/bin/gnu/h-x86_64-mingw32/bin/../lib/gcc/nios2-elf/8.3.1/../../../../../H-x86_64-mingw32/nios2-elf/lib/mno-hw-mul\libc.a(lib_a-isattyr.o)
 .data          0x0000000000005e54        0x0 c:/intelfpga_lite/19.1/nios2eds/bin/gnu/h-x86_64-mingw32/bin/../lib/gcc/nios2-elf/8.3.1/mno-hw-mul\libgcc.a(lib2-divmod.o)
 .data          0x0000000000005e54        0x0 c:/intelfpga_lite/19.1/nios2eds/bin/gnu/h-x86_64-mingw32/bin/../lib/gcc/nios2-elf/8.3.1/mno-hw-mul\libgcc.a(lib2-mul.o)
 .data          0x0000000000005e54        0x0 c:/My_Designs/FinalProject/FinalProject/synthesis/software/nios_bsp/\libhal_bsp.a(alt_close.o)
 .data          0x0000000000005e54      0x1a8 c:/My_Designs/FinalProject/FinalProject/synthesis/software/nios_bsp/\libhal_bsp.a(alt_dev.o)
                0x0000000000005e54                alt_dev_null
                0x0000000000005e7c                alt_fd_list
 .data          0x0000000000005ffc        0x0 c:/My_Designs/FinalProject/FinalProject/synthesis/software/nios_bsp/\libhal_bsp.a(alt_errno.o)
 .data          0x0000000000005ffc        0x0 c:/My_Designs/FinalProject/FinalProject/synthesis/software/nios_bsp/\libhal_bsp.a(alt_fstat.o)
 .data          0x0000000000005ffc        0x0 c:/My_Designs/FinalProject/FinalProject/synthesis/software/nios_bsp/\libhal_bsp.a(alt_isatty.o)
 .data          0x0000000000005ffc        0x0 c:/My_Designs/FinalProject/FinalProject/synthesis/software/nios_bsp/\libhal_bsp.a(alt_load.o)
 .data          0x0000000000005ffc        0x0 c:/My_Designs/FinalProject/FinalProject/synthesis/software/nios_bsp/\libhal_bsp.a(alt_lseek.o)
 .data          0x0000000000005ffc        0x0 c:/My_Designs/FinalProject/FinalProject/synthesis/software/nios_bsp/\libhal_bsp.a(alt_main.o)
 .data          0x0000000000005ffc        0x0 c:/My_Designs/FinalProject/FinalProject/synthesis/software/nios_bsp/\libhal_bsp.a(alt_malloc_lock.o)
 .data          0x0000000000005ffc        0x0 c:/My_Designs/FinalProject/FinalProject/synthesis/software/nios_bsp/\libhal_bsp.a(alt_read.o)
 .data          0x0000000000005ffc        0x0 c:/My_Designs/FinalProject/FinalProject/synthesis/software/nios_bsp/\libhal_bsp.a(alt_release_fd.o)
 .data          0x0000000000005ffc        0x0 c:/My_Designs/FinalProject/FinalProject/synthesis/software/nios_bsp/\libhal_bsp.a(alt_sbrk.o)
 .data          0x0000000000005ffc        0x0 c:/My_Designs/FinalProject/FinalProject/synthesis/software/nios_bsp/\libhal_bsp.a(alt_write.o)
 .data          0x0000000000005ffc     0x1060 c:/My_Designs/FinalProject/FinalProject/synthesis/software/nios_bsp/\libhal_bsp.a(alt_sys_init.o)
 .data          0x000000000000705c        0x0 c:/My_Designs/FinalProject/FinalProject/synthesis/software/nios_bsp/\libhal_bsp.a(altera_avalon_jtag_uart_fd.o)
 .data          0x000000000000705c        0x0 c:/My_Designs/FinalProject/FinalProject/synthesis/software/nios_bsp/\libhal_bsp.a(altera_avalon_jtag_uart_init.o)
 .data          0x000000000000705c        0x0 c:/My_Designs/FinalProject/FinalProject/synthesis/software/nios_bsp/\libhal_bsp.a(altera_avalon_jtag_uart_ioctl.o)
 .data          0x000000000000705c        0x0 c:/My_Designs/FinalProject/FinalProject/synthesis/software/nios_bsp/\libhal_bsp.a(altera_avalon_jtag_uart_read.o)
 .data          0x000000000000705c        0x0 c:/My_Designs/FinalProject/FinalProject/synthesis/software/nios_bsp/\libhal_bsp.a(altera_avalon_jtag_uart_write.o)
 .data          0x000000000000705c        0x0 c:/My_Designs/FinalProject/FinalProject/synthesis/software/nios_bsp/\libhal_bsp.a(alt_alarm_start.o)
 .data          0x000000000000705c        0x0 c:/My_Designs/FinalProject/FinalProject/synthesis/software/nios_bsp/\libhal_bsp.a(alt_dcache_flush_all.o)
 .data          0x000000000000705c        0x0 c:/My_Designs/FinalProject/FinalProject/synthesis/software/nios_bsp/\libhal_bsp.a(alt_dev_llist_insert.o)
 .data          0x000000000000705c        0x0 c:/My_Designs/FinalProject/FinalProject/synthesis/software/nios_bsp/\libhal_bsp.a(alt_do_ctors.o)
 .data          0x000000000000705c        0x0 c:/My_Designs/FinalProject/FinalProject/synthesis/software/nios_bsp/\libhal_bsp.a(alt_do_dtors.o)
 .data          0x000000000000705c        0x0 c:/My_Designs/FinalProject/FinalProject/synthesis/software/nios_bsp/\libhal_bsp.a(alt_icache_flush_all.o)
 .data          0x000000000000705c        0x0 c:/My_Designs/FinalProject/FinalProject/synthesis/software/nios_bsp/\libhal_bsp.a(alt_iic.o)
 .data          0x000000000000705c        0x0 c:/My_Designs/FinalProject/FinalProject/synthesis/software/nios_bsp/\libhal_bsp.a(alt_iic_isr_register.o)
 .data          0x000000000000705c        0x0 c:/My_Designs/FinalProject/FinalProject/synthesis/software/nios_bsp/\libhal_bsp.a(alt_io_redirect.o)
 .data          0x000000000000705c        0x0 c:/My_Designs/FinalProject/FinalProject/synthesis/software/nios_bsp/\libhal_bsp.a(alt_irq_entry.o)
 .data          0x000000000000705c        0x0 c:/My_Designs/FinalProject/FinalProject/synthesis/software/nios_bsp/\libhal_bsp.a(alt_irq_handler.o)
 .data          0x000000000000705c        0x0 c:/My_Designs/FinalProject/FinalProject/synthesis/software/nios_bsp/\libhal_bsp.a(alt_irq_vars.o)
 .data          0x000000000000705c        0x0 c:/My_Designs/FinalProject/FinalProject/synthesis/software/nios_bsp/\libhal_bsp.a(alt_open.o)
 .data          0x000000000000705c        0x0 c:/My_Designs/FinalProject/FinalProject/synthesis/software/nios_bsp/\libhal_bsp.a(alt_tick.o)
 .data          0x000000000000705c        0x0 c:/My_Designs/FinalProject/FinalProject/synthesis/software/nios_bsp/\libhal_bsp.a(altera_nios2_gen2_irq.o)
 .data          0x000000000000705c        0x0 c:/My_Designs/FinalProject/FinalProject/synthesis/software/nios_bsp/\libhal_bsp.a(alt_exception_entry.o)
 .data          0x000000000000705c        0x0 c:/My_Designs/FinalProject/FinalProject/synthesis/software/nios_bsp/\libhal_bsp.a(alt_find_dev.o)
 .data          0x000000000000705c        0x0 c:/My_Designs/FinalProject/FinalProject/synthesis/software/nios_bsp/\libhal_bsp.a(alt_find_file.o)
 .data          0x000000000000705c        0x0 c:/My_Designs/FinalProject/FinalProject/synthesis/software/nios_bsp/\libhal_bsp.a(alt_get_fd.o)
 .data          0x000000000000705c        0x0 c:/My_Designs/FinalProject/FinalProject/synthesis/software/nios_bsp/\libhal_bsp.a(alt_instruction_exception_entry.o)
 .data          0x000000000000705c        0x0 c:/intelfpga_lite/19.1/nios2eds/bin/gnu/h-x86_64-mingw32/bin/../lib/gcc/nios2-elf/8.3.1/../../../../../H-x86_64-mingw32/nios2-elf/lib/mno-hw-mul\libc.a(lib_a-atexit.o)
 .data          0x000000000000705c        0x0 c:/intelfpga_lite/19.1/nios2eds/bin/gnu/h-x86_64-mingw32/bin/../lib/gcc/nios2-elf/8.3.1/../../../../../H-x86_64-mingw32/nios2-elf/lib/mno-hw-mul\libc.a(lib_a-exit.o)
 .data          0x000000000000705c        0x0 c:/intelfpga_lite/19.1/nios2eds/bin/gnu/h-x86_64-mingw32/bin/../lib/gcc/nios2-elf/8.3.1/../../../../../H-x86_64-mingw32/nios2-elf/lib/mno-hw-mul\libc.a(lib_a-memcmp.o)
 .data          0x000000000000705c        0x0 c:/intelfpga_lite/19.1/nios2eds/bin/gnu/h-x86_64-mingw32/bin/../lib/gcc/nios2-elf/8.3.1/../../../../../H-x86_64-mingw32/nios2-elf/lib/mno-hw-mul\libc.a(lib_a-__atexit.o)
 .data          0x000000000000705c        0x0 c:/intelfpga_lite/19.1/nios2eds/bin/gnu/h-x86_64-mingw32/bin/../lib/gcc/nios2-elf/8.3.1/../../../../../H-x86_64-mingw32/nios2-elf/lib/mno-hw-mul\libc.a(lib_a-__call_atexit.o)
 .data          0x000000000000705c        0x0 c:/My_Designs/FinalProject/FinalProject/synthesis/software/nios_bsp/\libhal_bsp.a(alt_exit.o)
                0x000000000000f05c                _gp = ABSOLUTE ((. + 0x8000))
                [!provide]                        PROVIDE (gp = _gp)
 *(.rwdata .rwdata.*)
 *(.sdata .sdata.* .gnu.linkonce.s.*)
 .sdata._global_impure_ptr
                0x000000000000705c        0x4 c:/intelfpga_lite/19.1/nios2eds/bin/gnu/h-x86_64-mingw32/bin/../lib/gcc/nios2-elf/8.3.1/../../../../../H-x86_64-mingw32/nios2-elf/lib/mno-hw-mul\libc.a(lib_a-impure.o)
                0x000000000000705c                _global_impure_ptr
 .sdata._impure_ptr
                0x0000000000007060        0x4 c:/intelfpga_lite/19.1/nios2eds/bin/gnu/h-x86_64-mingw32/bin/../lib/gcc/nios2-elf/8.3.1/../../../../../H-x86_64-mingw32/nios2-elf/lib/mno-hw-mul\libc.a(lib_a-impure.o)
                0x0000000000007060                _impure_ptr
 .sdata.__malloc_sbrk_base
                0x0000000000007064        0x4 c:/intelfpga_lite/19.1/nios2eds/bin/gnu/h-x86_64-mingw32/bin/../lib/gcc/nios2-elf/8.3.1/../../../../../H-x86_64-mingw32/nios2-elf/lib/mno-hw-mul\libc.a(lib_a-mallocr.o)
                0x0000000000007064                __malloc_sbrk_base
 .sdata.__malloc_trim_threshold
                0x0000000000007068        0x4 c:/intelfpga_lite/19.1/nios2eds/bin/gnu/h-x86_64-mingw32/bin/../lib/gcc/nios2-elf/8.3.1/../../../../../H-x86_64-mingw32/nios2-elf/lib/mno-hw-mul\libc.a(lib_a-mallocr.o)
                0x0000000000007068                __malloc_trim_threshold
 .sdata         0x000000000000706c       0x14 c:/My_Designs/FinalProject/FinalProject/synthesis/software/nios_bsp/\libhal_bsp.a(alt_dev.o)
                0x000000000000706c                alt_fs_list
                0x0000000000007074                alt_dev_list
                0x000000000000707c                alt_max_fd
 .sdata         0x0000000000007080        0x4 c:/My_Designs/FinalProject/FinalProject/synthesis/software/nios_bsp/\libhal_bsp.a(alt_errno.o)
                0x0000000000007080                alt_errno
 .sdata         0x0000000000007084        0x4 c:/My_Designs/FinalProject/FinalProject/synthesis/software/nios_bsp/\libhal_bsp.a(alt_sbrk.o)
 .sdata         0x0000000000007088        0x4 c:/My_Designs/FinalProject/FinalProject/synthesis/software/nios_bsp/\libhal_bsp.a(alt_irq_vars.o)
                0x0000000000007088                alt_priority_mask
 .sdata         0x000000000000708c        0x8 c:/My_Designs/FinalProject/FinalProject/synthesis/software/nios_bsp/\libhal_bsp.a(alt_tick.o)
                0x000000000000708c                alt_alarm_list
 *(.sdata2 .sdata2.* .gnu.linkonce.s2.*)
                0x0000000000007094                . = ALIGN (0x4)
                0x0000000000007094                _edata = ABSOLUTE (.)
                [!provide]                        PROVIDE (edata = ABSOLUTE (.))
                0x0000000000007094                PROVIDE (__ram_rwdata_end = ABSOLUTE (.))
                0x0000000000007094                PROVIDE (__flash_rwdata_start = LOADADDR (.rwdata))

.bss            0x0000000000008b00      0x154
                0x0000000000008b00                __bss_start = ABSOLUTE (.)
                [!provide]                        PROVIDE (__sbss_start = ABSOLUTE (.))
                [!provide]                        PROVIDE (___sbss_start = ABSOLUTE (.))
 *(.dynsbss)
 *(.sbss .sbss.* .gnu.linkonce.sb.*)
 .sbss.__malloc_max_total_mem
                0x0000000000008b00        0x4 c:/intelfpga_lite/19.1/nios2eds/bin/gnu/h-x86_64-mingw32/bin/../lib/gcc/nios2-elf/8.3.1/../../../../../H-x86_64-mingw32/nios2-elf/lib/mno-hw-mul\libc.a(lib_a-mallocr.o)
                0x0000000000008b00                __malloc_max_total_mem
 .sbss.__malloc_max_sbrked_mem
                0x0000000000008b04        0x4 c:/intelfpga_lite/19.1/nios2eds/bin/gnu/h-x86_64-mingw32/bin/../lib/gcc/nios2-elf/8.3.1/../../../../../H-x86_64-mingw32/nios2-elf/lib/mno-hw-mul\libc.a(lib_a-mallocr.o)
                0x0000000000008b04                __malloc_max_sbrked_mem
 .sbss.__malloc_top_pad
                0x0000000000008b08        0x4 c:/intelfpga_lite/19.1/nios2eds/bin/gnu/h-x86_64-mingw32/bin/../lib/gcc/nios2-elf/8.3.1/../../../../../H-x86_64-mingw32/nios2-elf/lib/mno-hw-mul\libc.a(lib_a-mallocr.o)
                0x0000000000008b08                __malloc_top_pad
 .sbss          0x0000000000008b0c        0x4 c:/intelfpga_lite/19.1/nios2eds/bin/gnu/h-x86_64-mingw32/bin/../lib/gcc/nios2-elf/8.3.1/../../../../../H-x86_64-mingw32/nios2-elf/lib/mno-hw-mul\libc.a(lib_a-int_errno.o)
                0x0000000000008b0c                errno
 .sbss          0x0000000000008b10        0xc c:/My_Designs/FinalProject/FinalProject/synthesis/software/nios_bsp/\libhal_bsp.a(alt_main.o)
                0x0000000000008b10                alt_argc
                0x0000000000008b14                alt_argv
                0x0000000000008b18                alt_envp
 .sbss          0x0000000000008b1c        0x4 c:/My_Designs/FinalProject/FinalProject/synthesis/software/nios_bsp/\libhal_bsp.a(alt_irq_vars.o)
                0x0000000000008b1c                alt_irq_active
 .sbss          0x0000000000008b20        0x8 c:/My_Designs/FinalProject/FinalProject/synthesis/software/nios_bsp/\libhal_bsp.a(alt_tick.o)
                0x0000000000008b20                _alt_tick_rate
                0x0000000000008b24                _alt_nticks
 .sbss          0x0000000000008b28        0x4 c:/My_Designs/FinalProject/FinalProject/synthesis/software/nios_bsp/\libhal_bsp.a(alt_instruction_exception_entry.o)
                0x0000000000008b28                alt_instruction_exception_handler
 *(.sbss2 .sbss2.* .gnu.linkonce.sb2.*)
 *(.scommon)
                [!provide]                        PROVIDE (__sbss_end = ABSOLUTE (.))
                [!provide]                        PROVIDE (___sbss_end = ABSOLUTE (.))
 *(.dynbss)
 *(.bss .bss.* .gnu.linkonce.b.*)
 .bss           0x0000000000008b2c        0x0 c:/My_Designs/FinalProject/FinalProject/synthesis/software/nios_bsp//obj/HAL/src/crt0.o
 .bss           0x0000000000008b2c        0x0 obj/default/hello_world.o
 .bss           0x0000000000008b2c        0x0 c:/intelfpga_lite/19.1/nios2eds/bin/gnu/h-x86_64-mingw32/bin/../lib/gcc/nios2-elf/8.3.1/../../../../../H-x86_64-mingw32/nios2-elf/lib/mno-hw-mul\libc.a(lib_a-puts.o)
 .bss           0x0000000000008b2c        0x0 c:/intelfpga_lite/19.1/nios2eds/bin/gnu/h-x86_64-mingw32/bin/../lib/gcc/nios2-elf/8.3.1/../../../../../H-x86_64-mingw32/nios2-elf/lib/mno-hw-mul\libc.a(lib_a-strlen.o)
 .bss           0x0000000000008b2c        0x0 c:/intelfpga_lite/19.1/nios2eds/bin/gnu/h-x86_64-mingw32/bin/../lib/gcc/nios2-elf/8.3.1/../../../../../H-x86_64-mingw32/nios2-elf/lib/mno-hw-mul\libc.a(lib_a-findfp.o)
 .bss           0x0000000000008b2c        0x0 c:/intelfpga_lite/19.1/nios2eds/bin/gnu/h-x86_64-mingw32/bin/../lib/gcc/nios2-elf/8.3.1/../../../../../H-x86_64-mingw32/nios2-elf/lib/mno-hw-mul\libc.a(lib_a-fvwrite.o)
 .bss           0x0000000000008b2c        0x0 c:/intelfpga_lite/19.1/nios2eds/bin/gnu/h-x86_64-mingw32/bin/../lib/gcc/nios2-elf/8.3.1/../../../../../H-x86_64-mingw32/nios2-elf/lib/mno-hw-mul\libc.a(lib_a-fwalk.o)
 .bss           0x0000000000008b2c        0x0 c:/intelfpga_lite/19.1/nios2eds/bin/gnu/h-x86_64-mingw32/bin/../lib/gcc/nios2-elf/8.3.1/../../../../../H-x86_64-mingw32/nios2-elf/lib/mno-hw-mul\libc.a(lib_a-impure.o)
 .bss           0x0000000000008b2c        0x0 c:/intelfpga_lite/19.1/nios2eds/bin/gnu/h-x86_64-mingw32/bin/../lib/gcc/nios2-elf/8.3.1/../../../../../H-x86_64-mingw32/nios2-elf/lib/mno-hw-mul\libc.a(lib_a-mallocr.o)
 .bss.__malloc_current_mallinfo
                0x0000000000008b2c       0x28 c:/intelfpga_lite/19.1/nios2eds/bin/gnu/h-x86_64-mingw32/bin/../lib/gcc/nios2-elf/8.3.1/../../../../../H-x86_64-mingw32/nios2-elf/lib/mno-hw-mul\libc.a(lib_a-mallocr.o)
                0x0000000000008b2c                __malloc_current_mallinfo
 .bss           0x0000000000008b54        0x0 c:/intelfpga_lite/19.1/nios2eds/bin/gnu/h-x86_64-mingw32/bin/../lib/gcc/nios2-elf/8.3.1/../../../../../H-x86_64-mingw32/nios2-elf/lib/mno-hw-mul\libc.a(lib_a-memchr.o)
 .bss           0x0000000000008b54        0x0 c:/intelfpga_lite/19.1/nios2eds/bin/gnu/h-x86_64-mingw32/bin/../lib/gcc/nios2-elf/8.3.1/../../../../../H-x86_64-mingw32/nios2-elf/lib/mno-hw-mul\libc.a(lib_a-memcpy.o)
 .bss           0x0000000000008b54        0x0 c:/intelfpga_lite/19.1/nios2eds/bin/gnu/h-x86_64-mingw32/bin/../lib/gcc/nios2-elf/8.3.1/../../../../../H-x86_64-mingw32/nios2-elf/lib/mno-hw-mul\libc.a(lib_a-memmove.o)
 .bss           0x0000000000008b54        0x0 c:/intelfpga_lite/19.1/nios2eds/bin/gnu/h-x86_64-mingw32/bin/../lib/gcc/nios2-elf/8.3.1/../../../../../H-x86_64-mingw32/nios2-elf/lib/mno-hw-mul\libc.a(lib_a-memset.o)
 .bss           0x0000000000008b54        0x0 c:/intelfpga_lite/19.1/nios2eds/bin/gnu/h-x86_64-mingw32/bin/../lib/gcc/nios2-elf/8.3.1/../../../../../H-x86_64-mingw32/nios2-elf/lib/mno-hw-mul\libc.a(lib_a-reallocr.o)
 .bss           0x0000000000008b54        0x0 c:/intelfpga_lite/19.1/nios2eds/bin/gnu/h-x86_64-mingw32/bin/../lib/gcc/nios2-elf/8.3.1/../../../../../H-x86_64-mingw32/nios2-elf/lib/mno-hw-mul\libc.a(lib_a-sbrkr.o)
 .bss           0x0000000000008b54        0x0 c:/intelfpga_lite/19.1/nios2eds/bin/gnu/h-x86_64-mingw32/bin/../lib/gcc/nios2-elf/8.3.1/../../../../../H-x86_64-mingw32/nios2-elf/lib/mno-hw-mul\libc.a(lib_a-stdio.o)
 .bss           0x0000000000008b54        0x0 c:/intelfpga_lite/19.1/nios2eds/bin/gnu/h-x86_64-mingw32/bin/../lib/gcc/nios2-elf/8.3.1/../../../../../H-x86_64-mingw32/nios2-elf/lib/mno-hw-mul\libc.a(lib_a-writer.o)
 .bss           0x0000000000008b54        0x0 c:/intelfpga_lite/19.1/nios2eds/bin/gnu/h-x86_64-mingw32/bin/../lib/gcc/nios2-elf/8.3.1/../../../../../H-x86_64-mingw32/nios2-elf/lib/mno-hw-mul\libc.a(lib_a-wsetup.o)
 .bss           0x0000000000008b54        0x0 c:/intelfpga_lite/19.1/nios2eds/bin/gnu/h-x86_64-mingw32/bin/../lib/gcc/nios2-elf/8.3.1/../../../../../H-x86_64-mingw32/nios2-elf/lib/mno-hw-mul\libc.a(closer.o)
 .bss           0x0000000000008b54        0x0 c:/intelfpga_lite/19.1/nios2eds/bin/gnu/h-x86_64-mingw32/bin/../lib/gcc/nios2-elf/8.3.1/../../../../../H-x86_64-mingw32/nios2-elf/lib/mno-hw-mul\libc.a(lib_a-fclose.o)
 .bss           0x0000000000008b54        0x0 c:/intelfpga_lite/19.1/nios2eds/bin/gnu/h-x86_64-mingw32/bin/../lib/gcc/nios2-elf/8.3.1/../../../../../H-x86_64-mingw32/nios2-elf/lib/mno-hw-mul\libc.a(lib_a-fflush.o)
 .bss           0x0000000000008b54        0x0 c:/intelfpga_lite/19.1/nios2eds/bin/gnu/h-x86_64-mingw32/bin/../lib/gcc/nios2-elf/8.3.1/../../../../../H-x86_64-mingw32/nios2-elf/lib/mno-hw-mul\libc.a(lib_a-freer.o)
 .bss           0x0000000000008b54        0x0 c:/intelfpga_lite/19.1/nios2eds/bin/gnu/h-x86_64-mingw32/bin/../lib/gcc/nios2-elf/8.3.1/../../../../../H-x86_64-mingw32/nios2-elf/lib/mno-hw-mul\libc.a(lib_a-int_errno.o)
 .bss           0x0000000000008b54        0x0 c:/intelfpga_lite/19.1/nios2eds/bin/gnu/h-x86_64-mingw32/bin/../lib/gcc/nios2-elf/8.3.1/../../../../../H-x86_64-mingw32/nios2-elf/lib/mno-hw-mul\libc.a(lib_a-lseekr.o)
 .bss           0x0000000000008b54        0x0 c:/intelfpga_lite/19.1/nios2eds/bin/gnu/h-x86_64-mingw32/bin/../lib/gcc/nios2-elf/8.3.1/../../../../../H-x86_64-mingw32/nios2-elf/lib/mno-hw-mul\libc.a(lib_a-makebuf.o)
 .bss           0x0000000000008b54        0x0 c:/intelfpga_lite/19.1/nios2eds/bin/gnu/h-x86_64-mingw32/bin/../lib/gcc/nios2-elf/8.3.1/../../../../../H-x86_64-mingw32/nios2-elf/lib/mno-hw-mul\libc.a(lib_a-readr.o)
 .bss           0x0000000000008b54        0x0 c:/intelfpga_lite/19.1/nios2eds/bin/gnu/h-x86_64-mingw32/bin/../lib/gcc/nios2-elf/8.3.1/../../../../../H-x86_64-mingw32/nios2-elf/lib/mno-hw-mul\libc.a(lib_a-fstatr.o)
 .bss           0x0000000000008b54        0x0 c:/intelfpga_lite/19.1/nios2eds/bin/gnu/h-x86_64-mingw32/bin/../lib/gcc/nios2-elf/8.3.1/../../../../../H-x86_64-mingw32/nios2-elf/lib/mno-hw-mul\libc.a(lib_a-isattyr.o)
 .bss           0x0000000000008b54        0x0 c:/intelfpga_lite/19.1/nios2eds/bin/gnu/h-x86_64-mingw32/bin/../lib/gcc/nios2-elf/8.3.1/mno-hw-mul\libgcc.a(lib2-divmod.o)
 .bss           0x0000000000008b54        0x0 c:/intelfpga_lite/19.1/nios2eds/bin/gnu/h-x86_64-mingw32/bin/../lib/gcc/nios2-elf/8.3.1/mno-hw-mul\libgcc.a(lib2-mul.o)
 .bss           0x0000000000008b54        0x0 c:/My_Designs/FinalProject/FinalProject/synthesis/software/nios_bsp/\libhal_bsp.a(alt_close.o)
 .bss           0x0000000000008b54        0x0 c:/My_Designs/FinalProject/FinalProject/synthesis/software/nios_bsp/\libhal_bsp.a(alt_dev.o)
 .bss           0x0000000000008b54        0x0 c:/My_Designs/FinalProject/FinalProject/synthesis/software/nios_bsp/\libhal_bsp.a(alt_errno.o)
 .bss           0x0000000000008b54        0x0 c:/My_Designs/FinalProject/FinalProject/synthesis/software/nios_bsp/\libhal_bsp.a(alt_fstat.o)
 .bss           0x0000000000008b54        0x0 c:/My_Designs/FinalProject/FinalProject/synthesis/software/nios_bsp/\libhal_bsp.a(alt_isatty.o)
 .bss           0x0000000000008b54        0x0 c:/My_Designs/FinalProject/FinalProject/synthesis/software/nios_bsp/\libhal_bsp.a(alt_load.o)
 .bss           0x0000000000008b54        0x0 c:/My_Designs/FinalProject/FinalProject/synthesis/software/nios_bsp/\libhal_bsp.a(alt_lseek.o)
 .bss           0x0000000000008b54        0x0 c:/My_Designs/FinalProject/FinalProject/synthesis/software/nios_bsp/\libhal_bsp.a(alt_main.o)
 .bss           0x0000000000008b54        0x0 c:/My_Designs/FinalProject/FinalProject/synthesis/software/nios_bsp/\libhal_bsp.a(alt_malloc_lock.o)
 .bss           0x0000000000008b54        0x0 c:/My_Designs/FinalProject/FinalProject/synthesis/software/nios_bsp/\libhal_bsp.a(alt_read.o)
 .bss           0x0000000000008b54        0x0 c:/My_Designs/FinalProject/FinalProject/synthesis/software/nios_bsp/\libhal_bsp.a(alt_release_fd.o)
 .bss           0x0000000000008b54        0x0 c:/My_Designs/FinalProject/FinalProject/synthesis/software/nios_bsp/\libhal_bsp.a(alt_sbrk.o)
 .bss           0x0000000000008b54        0x0 c:/My_Designs/FinalProject/FinalProject/synthesis/software/nios_bsp/\libhal_bsp.a(alt_write.o)
 .bss           0x0000000000008b54        0x0 c:/My_Designs/FinalProject/FinalProject/synthesis/software/nios_bsp/\libhal_bsp.a(alt_sys_init.o)
 .bss           0x0000000000008b54        0x0 c:/My_Designs/FinalProject/FinalProject/synthesis/software/nios_bsp/\libhal_bsp.a(altera_avalon_jtag_uart_fd.o)
 .bss           0x0000000000008b54        0x0 c:/My_Designs/FinalProject/FinalProject/synthesis/software/nios_bsp/\libhal_bsp.a(altera_avalon_jtag_uart_init.o)
 .bss           0x0000000000008b54        0x0 c:/My_Designs/FinalProject/FinalProject/synthesis/software/nios_bsp/\libhal_bsp.a(altera_avalon_jtag_uart_ioctl.o)
 .bss           0x0000000000008b54        0x0 c:/My_Designs/FinalProject/FinalProject/synthesis/software/nios_bsp/\libhal_bsp.a(altera_avalon_jtag_uart_read.o)
 .bss           0x0000000000008b54        0x0 c:/My_Designs/FinalProject/FinalProject/synthesis/software/nios_bsp/\libhal_bsp.a(altera_avalon_jtag_uart_write.o)
 .bss           0x0000000000008b54        0x0 c:/My_Designs/FinalProject/FinalProject/synthesis/software/nios_bsp/\libhal_bsp.a(alt_alarm_start.o)
 .bss           0x0000000000008b54        0x0 c:/My_Designs/FinalProject/FinalProject/synthesis/software/nios_bsp/\libhal_bsp.a(alt_dcache_flush_all.o)
 .bss           0x0000000000008b54        0x0 c:/My_Designs/FinalProject/FinalProject/synthesis/software/nios_bsp/\libhal_bsp.a(alt_dev_llist_insert.o)
 .bss           0x0000000000008b54        0x0 c:/My_Designs/FinalProject/FinalProject/synthesis/software/nios_bsp/\libhal_bsp.a(alt_do_ctors.o)
 .bss           0x0000000000008b54        0x0 c:/My_Designs/FinalProject/FinalProject/synthesis/software/nios_bsp/\libhal_bsp.a(alt_do_dtors.o)
 .bss           0x0000000000008b54        0x0 c:/My_Designs/FinalProject/FinalProject/synthesis/software/nios_bsp/\libhal_bsp.a(alt_icache_flush_all.o)
 .bss           0x0000000000008b54        0x0 c:/My_Designs/FinalProject/FinalProject/synthesis/software/nios_bsp/\libhal_bsp.a(alt_iic.o)
 .bss           0x0000000000008b54        0x0 c:/My_Designs/FinalProject/FinalProject/synthesis/software/nios_bsp/\libhal_bsp.a(alt_iic_isr_register.o)
 .bss           0x0000000000008b54        0x0 c:/My_Designs/FinalProject/FinalProject/synthesis/software/nios_bsp/\libhal_bsp.a(alt_io_redirect.o)
 .bss           0x0000000000008b54        0x0 c:/My_Designs/FinalProject/FinalProject/synthesis/software/nios_bsp/\libhal_bsp.a(alt_irq_entry.o)
 .bss           0x0000000000008b54        0x0 c:/My_Designs/FinalProject/FinalProject/synthesis/software/nios_bsp/\libhal_bsp.a(alt_irq_handler.o)
 .bss           0x0000000000008b54        0x0 c:/My_Designs/FinalProject/FinalProject/synthesis/software/nios_bsp/\libhal_bsp.a(alt_irq_vars.o)
 .bss           0x0000000000008b54        0x0 c:/My_Designs/FinalProject/FinalProject/synthesis/software/nios_bsp/\libhal_bsp.a(alt_open.o)
 .bss           0x0000000000008b54        0x0 c:/My_Designs/FinalProject/FinalProject/synthesis/software/nios_bsp/\libhal_bsp.a(alt_tick.o)
 .bss           0x0000000000008b54        0x0 c:/My_Designs/FinalProject/FinalProject/synthesis/software/nios_bsp/\libhal_bsp.a(altera_nios2_gen2_irq.o)
 .bss           0x0000000000008b54        0x0 c:/My_Designs/FinalProject/FinalProject/synthesis/software/nios_bsp/\libhal_bsp.a(alt_exception_entry.o)
 .bss           0x0000000000008b54        0x0 c:/My_Designs/FinalProject/FinalProject/synthesis/software/nios_bsp/\libhal_bsp.a(alt_find_dev.o)
 .bss           0x0000000000008b54        0x0 c:/My_Designs/FinalProject/FinalProject/synthesis/software/nios_bsp/\libhal_bsp.a(alt_find_file.o)
 .bss           0x0000000000008b54        0x0 c:/My_Designs/FinalProject/FinalProject/synthesis/software/nios_bsp/\libhal_bsp.a(alt_get_fd.o)
 .bss           0x0000000000008b54        0x0 c:/My_Designs/FinalProject/FinalProject/synthesis/software/nios_bsp/\libhal_bsp.a(alt_instruction_exception_entry.o)
 .bss           0x0000000000008b54        0x0 c:/intelfpga_lite/19.1/nios2eds/bin/gnu/h-x86_64-mingw32/bin/../lib/gcc/nios2-elf/8.3.1/../../../../../H-x86_64-mingw32/nios2-elf/lib/mno-hw-mul\libc.a(lib_a-atexit.o)
 .bss           0x0000000000008b54        0x0 c:/intelfpga_lite/19.1/nios2eds/bin/gnu/h-x86_64-mingw32/bin/../lib/gcc/nios2-elf/8.3.1/../../../../../H-x86_64-mingw32/nios2-elf/lib/mno-hw-mul\libc.a(lib_a-exit.o)
 .bss           0x0000000000008b54        0x0 c:/intelfpga_lite/19.1/nios2eds/bin/gnu/h-x86_64-mingw32/bin/../lib/gcc/nios2-elf/8.3.1/../../../../../H-x86_64-mingw32/nios2-elf/lib/mno-hw-mul\libc.a(lib_a-memcmp.o)
 .bss           0x0000000000008b54        0x0 c:/intelfpga_lite/19.1/nios2eds/bin/gnu/h-x86_64-mingw32/bin/../lib/gcc/nios2-elf/8.3.1/../../../../../H-x86_64-mingw32/nios2-elf/lib/mno-hw-mul\libc.a(lib_a-__atexit.o)
 .bss           0x0000000000008b54        0x0 c:/intelfpga_lite/19.1/nios2eds/bin/gnu/h-x86_64-mingw32/bin/../lib/gcc/nios2-elf/8.3.1/../../../../../H-x86_64-mingw32/nios2-elf/lib/mno-hw-mul\libc.a(lib_a-__call_atexit.o)
 .bss           0x0000000000008b54        0x0 c:/My_Designs/FinalProject/FinalProject/synthesis/software/nios_bsp/\libhal_bsp.a(alt_exit.o)
 *(COMMON)
 COMMON         0x0000000000008b54      0x100 c:/My_Designs/FinalProject/FinalProject/synthesis/software/nios_bsp/\libhal_bsp.a(alt_irq_handler.o)
                0x0000000000008b54                alt_irq
                0x0000000000008c54                . = ALIGN (0x4)
                0x0000000000008c54                __bss_end = ABSOLUTE (.)

.onchip_memory2_0
                0x0000000000008c54        0x0
                [!provide]                        PROVIDE (_alt_partition_onchip_memory2_0_start = ABSOLUTE (.))
 *(.onchip_memory2_0 .onchip_memory2_0. onchip_memory2_0.*)
                0x0000000000008c54                . = ALIGN (0x4)
                [!provide]                        PROVIDE (_alt_partition_onchip_memory2_0_end = ABSOLUTE (.))
                0x0000000000008c54                _end = ABSOLUTE (.)
                0x0000000000008c54                end = ABSOLUTE (.)
                0x0000000000008c54                __alt_stack_base = ABSOLUTE (.)
                [!provide]                        PROVIDE (_alt_partition_onchip_memory2_0_load_addr = LOADADDR (.onchip_memory2_0))

.stab
 *(.stab)

.stabstr
 *(.stabstr)

.stab.excl
 *(.stab.excl)

.stab.exclstr
 *(.stab.exclstr)

.stab.index
 *(.stab.index)

.stab.indexstr
 *(.stab.indexstr)

.comment        0x0000000000000000       0x2c
 *(.comment)
 .comment       0x0000000000000000       0x2c obj/default/hello_world.o
                                         0x2d (size before relaxing)
 .comment       0x000000000000002c       0x2d c:/intelfpga_lite/19.1/nios2eds/bin/gnu/h-x86_64-mingw32/bin/../lib/gcc/nios2-elf/8.3.1/../../../../../H-x86_64-mingw32/nios2-elf/lib/mno-hw-mul\libc.a(lib_a-puts.o)
 .comment       0x000000000000002c       0x2d c:/intelfpga_lite/19.1/nios2eds/bin/gnu/h-x86_64-mingw32/bin/../lib/gcc/nios2-elf/8.3.1/../../../../../H-x86_64-mingw32/nios2-elf/lib/mno-hw-mul\libc.a(lib_a-strlen.o)
 .comment       0x000000000000002c       0x2d c:/intelfpga_lite/19.1/nios2eds/bin/gnu/h-x86_64-mingw32/bin/../lib/gcc/nios2-elf/8.3.1/../../../../../H-x86_64-mingw32/nios2-elf/lib/mno-hw-mul\libc.a(lib_a-findfp.o)
 .comment       0x000000000000002c       0x2d c:/intelfpga_lite/19.1/nios2eds/bin/gnu/h-x86_64-mingw32/bin/../lib/gcc/nios2-elf/8.3.1/../../../../../H-x86_64-mingw32/nios2-elf/lib/mno-hw-mul\libc.a(lib_a-fvwrite.o)
 .comment       0x000000000000002c       0x2d c:/intelfpga_lite/19.1/nios2eds/bin/gnu/h-x86_64-mingw32/bin/../lib/gcc/nios2-elf/8.3.1/../../../../../H-x86_64-mingw32/nios2-elf/lib/mno-hw-mul\libc.a(lib_a-fwalk.o)
 .comment       0x000000000000002c       0x2d c:/intelfpga_lite/19.1/nios2eds/bin/gnu/h-x86_64-mingw32/bin/../lib/gcc/nios2-elf/8.3.1/../../../../../H-x86_64-mingw32/nios2-elf/lib/mno-hw-mul\libc.a(lib_a-impure.o)
 .comment       0x000000000000002c       0x2d c:/intelfpga_lite/19.1/nios2eds/bin/gnu/h-x86_64-mingw32/bin/../lib/gcc/nios2-elf/8.3.1/../../../../../H-x86_64-mingw32/nios2-elf/lib/mno-hw-mul\libc.a(lib_a-mallocr.o)
 .comment       0x000000000000002c       0x2d c:/intelfpga_lite/19.1/nios2eds/bin/gnu/h-x86_64-mingw32/bin/../lib/gcc/nios2-elf/8.3.1/../../../../../H-x86_64-mingw32/nios2-elf/lib/mno-hw-mul\libc.a(lib_a-memchr.o)
 .comment       0x000000000000002c       0x2d c:/intelfpga_lite/19.1/nios2eds/bin/gnu/h-x86_64-mingw32/bin/../lib/gcc/nios2-elf/8.3.1/../../../../../H-x86_64-mingw32/nios2-elf/lib/mno-hw-mul\libc.a(lib_a-memcpy.o)
 .comment       0x000000000000002c       0x2d c:/intelfpga_lite/19.1/nios2eds/bin/gnu/h-x86_64-mingw32/bin/../lib/gcc/nios2-elf/8.3.1/../../../../../H-x86_64-mingw32/nios2-elf/lib/mno-hw-mul\libc.a(lib_a-memmove.o)
 .comment       0x000000000000002c       0x2d c:/intelfpga_lite/19.1/nios2eds/bin/gnu/h-x86_64-mingw32/bin/../lib/gcc/nios2-elf/8.3.1/../../../../../H-x86_64-mingw32/nios2-elf/lib/mno-hw-mul\libc.a(lib_a-memset.o)
 .comment       0x000000000000002c       0x2d c:/intelfpga_lite/19.1/nios2eds/bin/gnu/h-x86_64-mingw32/bin/../lib/gcc/nios2-elf/8.3.1/../../../../../H-x86_64-mingw32/nios2-elf/lib/mno-hw-mul\libc.a(lib_a-reallocr.o)
 .comment       0x000000000000002c       0x2d c:/intelfpga_lite/19.1/nios2eds/bin/gnu/h-x86_64-mingw32/bin/../lib/gcc/nios2-elf/8.3.1/../../../../../H-x86_64-mingw32/nios2-elf/lib/mno-hw-mul\libc.a(lib_a-sbrkr.o)
 .comment       0x000000000000002c       0x2d c:/intelfpga_lite/19.1/nios2eds/bin/gnu/h-x86_64-mingw32/bin/../lib/gcc/nios2-elf/8.3.1/../../../../../H-x86_64-mingw32/nios2-elf/lib/mno-hw-mul\libc.a(lib_a-stdio.o)
 .comment       0x000000000000002c       0x2d c:/intelfpga_lite/19.1/nios2eds/bin/gnu/h-x86_64-mingw32/bin/../lib/gcc/nios2-elf/8.3.1/../../../../../H-x86_64-mingw32/nios2-elf/lib/mno-hw-mul\libc.a(lib_a-writer.o)
 .comment       0x000000000000002c       0x2d c:/intelfpga_lite/19.1/nios2eds/bin/gnu/h-x86_64-mingw32/bin/../lib/gcc/nios2-elf/8.3.1/../../../../../H-x86_64-mingw32/nios2-elf/lib/mno-hw-mul\libc.a(lib_a-wsetup.o)
 .comment       0x000000000000002c       0x2d c:/intelfpga_lite/19.1/nios2eds/bin/gnu/h-x86_64-mingw32/bin/../lib/gcc/nios2-elf/8.3.1/../../../../../H-x86_64-mingw32/nios2-elf/lib/mno-hw-mul\libc.a(closer.o)
 .comment       0x000000000000002c       0x2d c:/intelfpga_lite/19.1/nios2eds/bin/gnu/h-x86_64-mingw32/bin/../lib/gcc/nios2-elf/8.3.1/../../../../../H-x86_64-mingw32/nios2-elf/lib/mno-hw-mul\libc.a(lib_a-fclose.o)
 .comment       0x000000000000002c       0x2d c:/intelfpga_lite/19.1/nios2eds/bin/gnu/h-x86_64-mingw32/bin/../lib/gcc/nios2-elf/8.3.1/../../../../../H-x86_64-mingw32/nios2-elf/lib/mno-hw-mul\libc.a(lib_a-fflush.o)
 .comment       0x000000000000002c       0x2d c:/intelfpga_lite/19.1/nios2eds/bin/gnu/h-x86_64-mingw32/bin/../lib/gcc/nios2-elf/8.3.1/../../../../../H-x86_64-mingw32/nios2-elf/lib/mno-hw-mul\libc.a(lib_a-freer.o)
 .comment       0x000000000000002c       0x2d c:/intelfpga_lite/19.1/nios2eds/bin/gnu/h-x86_64-mingw32/bin/../lib/gcc/nios2-elf/8.3.1/../../../../../H-x86_64-mingw32/nios2-elf/lib/mno-hw-mul\libc.a(lib_a-int_errno.o)
 .comment       0x000000000000002c       0x2d c:/intelfpga_lite/19.1/nios2eds/bin/gnu/h-x86_64-mingw32/bin/../lib/gcc/nios2-elf/8.3.1/../../../../../H-x86_64-mingw32/nios2-elf/lib/mno-hw-mul\libc.a(lib_a-lseekr.o)
 .comment       0x000000000000002c       0x2d c:/intelfpga_lite/19.1/nios2eds/bin/gnu/h-x86_64-mingw32/bin/../lib/gcc/nios2-elf/8.3.1/../../../../../H-x86_64-mingw32/nios2-elf/lib/mno-hw-mul\libc.a(lib_a-makebuf.o)
 .comment       0x000000000000002c       0x2d c:/intelfpga_lite/19.1/nios2eds/bin/gnu/h-x86_64-mingw32/bin/../lib/gcc/nios2-elf/8.3.1/../../../../../H-x86_64-mingw32/nios2-elf/lib/mno-hw-mul\libc.a(lib_a-readr.o)
 .comment       0x000000000000002c       0x2d c:/intelfpga_lite/19.1/nios2eds/bin/gnu/h-x86_64-mingw32/bin/../lib/gcc/nios2-elf/8.3.1/../../../../../H-x86_64-mingw32/nios2-elf/lib/mno-hw-mul\libc.a(lib_a-fstatr.o)
 .comment       0x000000000000002c       0x2d c:/intelfpga_lite/19.1/nios2eds/bin/gnu/h-x86_64-mingw32/bin/../lib/gcc/nios2-elf/8.3.1/../../../../../H-x86_64-mingw32/nios2-elf/lib/mno-hw-mul\libc.a(lib_a-isattyr.o)
 .comment       0x000000000000002c       0x2d c:/intelfpga_lite/19.1/nios2eds/bin/gnu/h-x86_64-mingw32/bin/../lib/gcc/nios2-elf/8.3.1/mno-hw-mul\libgcc.a(lib2-divmod.o)
 .comment       0x000000000000002c       0x2d c:/intelfpga_lite/19.1/nios2eds/bin/gnu/h-x86_64-mingw32/bin/../lib/gcc/nios2-elf/8.3.1/mno-hw-mul\libgcc.a(lib2-mul.o)
 .comment       0x000000000000002c       0x2d c:/My_Designs/FinalProject/FinalProject/synthesis/software/nios_bsp/\libhal_bsp.a(alt_close.o)
 .comment       0x000000000000002c       0x2d c:/My_Designs/FinalProject/FinalProject/synthesis/software/nios_bsp/\libhal_bsp.a(alt_dev.o)
 .comment       0x000000000000002c       0x2d c:/My_Designs/FinalProject/FinalProject/synthesis/software/nios_bsp/\libhal_bsp.a(alt_errno.o)
 .comment       0x000000000000002c       0x2d c:/My_Designs/FinalProject/FinalProject/synthesis/software/nios_bsp/\libhal_bsp.a(alt_fstat.o)
 .comment       0x000000000000002c       0x2d c:/My_Designs/FinalProject/FinalProject/synthesis/software/nios_bsp/\libhal_bsp.a(alt_isatty.o)
 .comment       0x000000000000002c       0x2d c:/My_Designs/FinalProject/FinalProject/synthesis/software/nios_bsp/\libhal_bsp.a(alt_load.o)
 .comment       0x000000000000002c       0x2d c:/My_Designs/FinalProject/FinalProject/synthesis/software/nios_bsp/\libhal_bsp.a(alt_lseek.o)
 .comment       0x000000000000002c       0x2d c:/My_Designs/FinalProject/FinalProject/synthesis/software/nios_bsp/\libhal_bsp.a(alt_main.o)
 .comment       0x000000000000002c       0x2d c:/My_Designs/FinalProject/FinalProject/synthesis/software/nios_bsp/\libhal_bsp.a(alt_malloc_lock.o)
 .comment       0x000000000000002c       0x2d c:/My_Designs/FinalProject/FinalProject/synthesis/software/nios_bsp/\libhal_bsp.a(alt_read.o)
 .comment       0x000000000000002c       0x2d c:/My_Designs/FinalProject/FinalProject/synthesis/software/nios_bsp/\libhal_bsp.a(alt_release_fd.o)
 .comment       0x000000000000002c       0x2d c:/My_Designs/FinalProject/FinalProject/synthesis/software/nios_bsp/\libhal_bsp.a(alt_sbrk.o)
 .comment       0x000000000000002c       0x2d c:/My_Designs/FinalProject/FinalProject/synthesis/software/nios_bsp/\libhal_bsp.a(alt_write.o)
 .comment       0x000000000000002c       0x2d c:/My_Designs/FinalProject/FinalProject/synthesis/software/nios_bsp/\libhal_bsp.a(alt_sys_init.o)
 .comment       0x000000000000002c       0x2d c:/My_Designs/FinalProject/FinalProject/synthesis/software/nios_bsp/\libhal_bsp.a(altera_avalon_jtag_uart_fd.o)
 .comment       0x000000000000002c       0x2d c:/My_Designs/FinalProject/FinalProject/synthesis/software/nios_bsp/\libhal_bsp.a(altera_avalon_jtag_uart_init.o)
 .comment       0x000000000000002c       0x2d c:/My_Designs/FinalProject/FinalProject/synthesis/software/nios_bsp/\libhal_bsp.a(altera_avalon_jtag_uart_ioctl.o)
 .comment       0x000000000000002c       0x2d c:/My_Designs/FinalProject/FinalProject/synthesis/software/nios_bsp/\libhal_bsp.a(altera_avalon_jtag_uart_read.o)
 .comment       0x000000000000002c       0x2d c:/My_Designs/FinalProject/FinalProject/synthesis/software/nios_bsp/\libhal_bsp.a(altera_avalon_jtag_uart_write.o)
 .comment       0x000000000000002c       0x2d c:/My_Designs/FinalProject/FinalProject/synthesis/software/nios_bsp/\libhal_bsp.a(alt_alarm_start.o)
 .comment       0x000000000000002c       0x2d c:/My_Designs/FinalProject/FinalProject/synthesis/software/nios_bsp/\libhal_bsp.a(alt_dcache_flush_all.o)
 .comment       0x000000000000002c       0x2d c:/My_Designs/FinalProject/FinalProject/synthesis/software/nios_bsp/\libhal_bsp.a(alt_dev_llist_insert.o)
 .comment       0x000000000000002c       0x2d c:/My_Designs/FinalProject/FinalProject/synthesis/software/nios_bsp/\libhal_bsp.a(alt_do_ctors.o)
 .comment       0x000000000000002c       0x2d c:/My_Designs/FinalProject/FinalProject/synthesis/software/nios_bsp/\libhal_bsp.a(alt_do_dtors.o)
 .comment       0x000000000000002c       0x2d c:/My_Designs/FinalProject/FinalProject/synthesis/software/nios_bsp/\libhal_bsp.a(alt_icache_flush_all.o)
 .comment       0x000000000000002c       0x2d c:/My_Designs/FinalProject/FinalProject/synthesis/software/nios_bsp/\libhal_bsp.a(alt_iic.o)
 .comment       0x000000000000002c       0x2d c:/My_Designs/FinalProject/FinalProject/synthesis/software/nios_bsp/\libhal_bsp.a(alt_iic_isr_register.o)
 .comment       0x000000000000002c       0x2d c:/My_Designs/FinalProject/FinalProject/synthesis/software/nios_bsp/\libhal_bsp.a(alt_io_redirect.o)
 .comment       0x000000000000002c       0x2d c:/My_Designs/FinalProject/FinalProject/synthesis/software/nios_bsp/\libhal_bsp.a(alt_irq_handler.o)
 .comment       0x000000000000002c       0x2d c:/My_Designs/FinalProject/FinalProject/synthesis/software/nios_bsp/\libhal_bsp.a(alt_irq_vars.o)
 .comment       0x000000000000002c       0x2d c:/My_Designs/FinalProject/FinalProject/synthesis/software/nios_bsp/\libhal_bsp.a(alt_open.o)
 .comment       0x000000000000002c       0x2d c:/My_Designs/FinalProject/FinalProject/synthesis/software/nios_bsp/\libhal_bsp.a(alt_tick.o)
 .comment       0x000000000000002c       0x2d c:/My_Designs/FinalProject/FinalProject/synthesis/software/nios_bsp/\libhal_bsp.a(altera_nios2_gen2_irq.o)
 .comment       0x000000000000002c       0x2d c:/My_Designs/FinalProject/FinalProject/synthesis/software/nios_bsp/\libhal_bsp.a(alt_find_dev.o)
 .comment       0x000000000000002c       0x2d c:/My_Designs/FinalProject/FinalProject/synthesis/software/nios_bsp/\libhal_bsp.a(alt_find_file.o)
 .comment       0x000000000000002c       0x2d c:/My_Designs/FinalProject/FinalProject/synthesis/software/nios_bsp/\libhal_bsp.a(alt_get_fd.o)
 .comment       0x000000000000002c       0x2d c:/My_Designs/FinalProject/FinalProject/synthesis/software/nios_bsp/\libhal_bsp.a(alt_instruction_exception_entry.o)
 .comment       0x000000000000002c       0x2d c:/intelfpga_lite/19.1/nios2eds/bin/gnu/h-x86_64-mingw32/bin/../lib/gcc/nios2-elf/8.3.1/../../../../../H-x86_64-mingw32/nios2-elf/lib/mno-hw-mul\libc.a(lib_a-atexit.o)
 .comment       0x000000000000002c       0x2d c:/intelfpga_lite/19.1/nios2eds/bin/gnu/h-x86_64-mingw32/bin/../lib/gcc/nios2-elf/8.3.1/../../../../../H-x86_64-mingw32/nios2-elf/lib/mno-hw-mul\libc.a(lib_a-exit.o)
 .comment       0x000000000000002c       0x2d c:/intelfpga_lite/19.1/nios2eds/bin/gnu/h-x86_64-mingw32/bin/../lib/gcc/nios2-elf/8.3.1/../../../../../H-x86_64-mingw32/nios2-elf/lib/mno-hw-mul\libc.a(lib_a-memcmp.o)
 .comment       0x000000000000002c       0x2d c:/intelfpga_lite/19.1/nios2eds/bin/gnu/h-x86_64-mingw32/bin/../lib/gcc/nios2-elf/8.3.1/../../../../../H-x86_64-mingw32/nios2-elf/lib/mno-hw-mul\libc.a(lib_a-__atexit.o)
 .comment       0x000000000000002c       0x2d c:/intelfpga_lite/19.1/nios2eds/bin/gnu/h-x86_64-mingw32/bin/../lib/gcc/nios2-elf/8.3.1/../../../../../H-x86_64-mingw32/nios2-elf/lib/mno-hw-mul\libc.a(lib_a-__call_atexit.o)
 .comment       0x000000000000002c       0x2d c:/My_Designs/FinalProject/FinalProject/synthesis/software/nios_bsp/\libhal_bsp.a(alt_exit.o)

.debug
 *(.debug)

.line
 *(.line)

.debug_srcinfo
 *(.debug_srcinfo)

.debug_sfnames
 *(.debug_sfnames)

.debug_aranges  0x0000000000000000      0xa18
 *(.debug_aranges)
 .debug_aranges
                0x0000000000000000       0x28 c:/My_Designs/FinalProject/FinalProject/synthesis/software/nios_bsp//obj/HAL/src/crt0.o
 .debug_aranges
                0x0000000000000028       0x20 obj/default/hello_world.o
 .debug_aranges
                0x0000000000000048       0x28 c:/intelfpga_lite/19.1/nios2eds/bin/gnu/h-x86_64-mingw32/bin/../lib/gcc/nios2-elf/8.3.1/../../../../../H-x86_64-mingw32/nios2-elf/lib/mno-hw-mul\libc.a(lib_a-puts.o)
 .debug_aranges
                0x0000000000000070       0x20 c:/intelfpga_lite/19.1/nios2eds/bin/gnu/h-x86_64-mingw32/bin/../lib/gcc/nios2-elf/8.3.1/../../../../../H-x86_64-mingw32/nios2-elf/lib/mno-hw-mul\libc.a(lib_a-strlen.o)
 .debug_aranges
                0x0000000000000090       0x68 c:/intelfpga_lite/19.1/nios2eds/bin/gnu/h-x86_64-mingw32/bin/../lib/gcc/nios2-elf/8.3.1/../../../../../H-x86_64-mingw32/nios2-elf/lib/mno-hw-mul\libc.a(lib_a-findfp.o)
 .debug_aranges
                0x00000000000000f8       0x20 c:/intelfpga_lite/19.1/nios2eds/bin/gnu/h-x86_64-mingw32/bin/../lib/gcc/nios2-elf/8.3.1/../../../../../H-x86_64-mingw32/nios2-elf/lib/mno-hw-mul\libc.a(lib_a-fvwrite.o)
 .debug_aranges
                0x0000000000000118       0x28 c:/intelfpga_lite/19.1/nios2eds/bin/gnu/h-x86_64-mingw32/bin/../lib/gcc/nios2-elf/8.3.1/../../../../../H-x86_64-mingw32/nios2-elf/lib/mno-hw-mul\libc.a(lib_a-fwalk.o)
 .debug_aranges
                0x0000000000000140       0x18 c:/intelfpga_lite/19.1/nios2eds/bin/gnu/h-x86_64-mingw32/bin/../lib/gcc/nios2-elf/8.3.1/../../../../../H-x86_64-mingw32/nios2-elf/lib/mno-hw-mul\libc.a(lib_a-impure.o)
 .debug_aranges
                0x0000000000000158       0x20 c:/intelfpga_lite/19.1/nios2eds/bin/gnu/h-x86_64-mingw32/bin/../lib/gcc/nios2-elf/8.3.1/../../../../../H-x86_64-mingw32/nios2-elf/lib/mno-hw-mul\libc.a(lib_a-mallocr.o)
 .debug_aranges
                0x0000000000000178       0x20 c:/intelfpga_lite/19.1/nios2eds/bin/gnu/h-x86_64-mingw32/bin/../lib/gcc/nios2-elf/8.3.1/../../../../../H-x86_64-mingw32/nios2-elf/lib/mno-hw-mul\libc.a(lib_a-memchr.o)
 .debug_aranges
                0x0000000000000198       0x20 c:/intelfpga_lite/19.1/nios2eds/bin/gnu/h-x86_64-mingw32/bin/../lib/gcc/nios2-elf/8.3.1/../../../../../H-x86_64-mingw32/nios2-elf/lib/mno-hw-mul\libc.a(lib_a-memcpy.o)
 .debug_aranges
                0x00000000000001b8       0x20 c:/intelfpga_lite/19.1/nios2eds/bin/gnu/h-x86_64-mingw32/bin/../lib/gcc/nios2-elf/8.3.1/../../../../../H-x86_64-mingw32/nios2-elf/lib/mno-hw-mul\libc.a(lib_a-memmove.o)
 .debug_aranges
                0x00000000000001d8       0x20 c:/intelfpga_lite/19.1/nios2eds/bin/gnu/h-x86_64-mingw32/bin/../lib/gcc/nios2-elf/8.3.1/../../../../../H-x86_64-mingw32/nios2-elf/lib/mno-hw-mul\libc.a(lib_a-memset.o)
 .debug_aranges
                0x00000000000001f8       0x20 c:/intelfpga_lite/19.1/nios2eds/bin/gnu/h-x86_64-mingw32/bin/../lib/gcc/nios2-elf/8.3.1/../../../../../H-x86_64-mingw32/nios2-elf/lib/mno-hw-mul\libc.a(lib_a-reallocr.o)
 .debug_aranges
                0x0000000000000218       0x20 c:/intelfpga_lite/19.1/nios2eds/bin/gnu/h-x86_64-mingw32/bin/../lib/gcc/nios2-elf/8.3.1/../../../../../H-x86_64-mingw32/nios2-elf/lib/mno-hw-mul\libc.a(lib_a-sbrkr.o)
 .debug_aranges
                0x0000000000000238       0x40 c:/intelfpga_lite/19.1/nios2eds/bin/gnu/h-x86_64-mingw32/bin/../lib/gcc/nios2-elf/8.3.1/../../../../../H-x86_64-mingw32/nios2-elf/lib/mno-hw-mul\libc.a(lib_a-stdio.o)
 .debug_aranges
                0x0000000000000278       0x20 c:/intelfpga_lite/19.1/nios2eds/bin/gnu/h-x86_64-mingw32/bin/../lib/gcc/nios2-elf/8.3.1/../../../../../H-x86_64-mingw32/nios2-elf/lib/mno-hw-mul\libc.a(lib_a-writer.o)
 .debug_aranges
                0x0000000000000298       0x20 c:/intelfpga_lite/19.1/nios2eds/bin/gnu/h-x86_64-mingw32/bin/../lib/gcc/nios2-elf/8.3.1/../../../../../H-x86_64-mingw32/nios2-elf/lib/mno-hw-mul\libc.a(lib_a-wsetup.o)
 .debug_aranges
                0x00000000000002b8       0x20 c:/intelfpga_lite/19.1/nios2eds/bin/gnu/h-x86_64-mingw32/bin/../lib/gcc/nios2-elf/8.3.1/../../../../../H-x86_64-mingw32/nios2-elf/lib/mno-hw-mul\libc.a(closer.o)
 .debug_aranges
                0x00000000000002d8       0x28 c:/intelfpga_lite/19.1/nios2eds/bin/gnu/h-x86_64-mingw32/bin/../lib/gcc/nios2-elf/8.3.1/../../../../../H-x86_64-mingw32/nios2-elf/lib/mno-hw-mul\libc.a(lib_a-fclose.o)
 .debug_aranges
                0x0000000000000300       0x30 c:/intelfpga_lite/19.1/nios2eds/bin/gnu/h-x86_64-mingw32/bin/../lib/gcc/nios2-elf/8.3.1/../../../../../H-x86_64-mingw32/nios2-elf/lib/mno-hw-mul\libc.a(lib_a-fflush.o)
 .debug_aranges
                0x0000000000000330       0x28 c:/intelfpga_lite/19.1/nios2eds/bin/gnu/h-x86_64-mingw32/bin/../lib/gcc/nios2-elf/8.3.1/../../../../../H-x86_64-mingw32/nios2-elf/lib/mno-hw-mul\libc.a(lib_a-freer.o)
 .debug_aranges
                0x0000000000000358       0x18 c:/intelfpga_lite/19.1/nios2eds/bin/gnu/h-x86_64-mingw32/bin/../lib/gcc/nios2-elf/8.3.1/../../../../../H-x86_64-mingw32/nios2-elf/lib/mno-hw-mul\libc.a(lib_a-int_errno.o)
 .debug_aranges
                0x0000000000000370       0x20 c:/intelfpga_lite/19.1/nios2eds/bin/gnu/h-x86_64-mingw32/bin/../lib/gcc/nios2-elf/8.3.1/../../../../../H-x86_64-mingw32/nios2-elf/lib/mno-hw-mul\libc.a(lib_a-lseekr.o)
 .debug_aranges
                0x0000000000000390       0x28 c:/intelfpga_lite/19.1/nios2eds/bin/gnu/h-x86_64-mingw32/bin/../lib/gcc/nios2-elf/8.3.1/../../../../../H-x86_64-mingw32/nios2-elf/lib/mno-hw-mul\libc.a(lib_a-makebuf.o)
 .debug_aranges
                0x00000000000003b8       0x20 c:/intelfpga_lite/19.1/nios2eds/bin/gnu/h-x86_64-mingw32/bin/../lib/gcc/nios2-elf/8.3.1/../../../../../H-x86_64-mingw32/nios2-elf/lib/mno-hw-mul\libc.a(lib_a-readr.o)
 .debug_aranges
                0x00000000000003d8       0x20 c:/intelfpga_lite/19.1/nios2eds/bin/gnu/h-x86_64-mingw32/bin/../lib/gcc/nios2-elf/8.3.1/../../../../../H-x86_64-mingw32/nios2-elf/lib/mno-hw-mul\libc.a(lib_a-fstatr.o)
 .debug_aranges